{"timestamp":"2026-09-26T16:23:40.864419Z","level":"info","event":"DAG bundles loaded: dags-folder","logger":"airflow.dag_processing.bundles.manager.DagBundlesManager","filename":"manager.py","lineno":179}
{"timestamp":"2026-09-26T16:23:40.864848Z","level":"info","event":"Filling up the DagBag from /opt/airflow/dags/weather_checher.py","logger":"airflow.models.dagbag.DagBag","filename":"dagbag.py","lineno":593}
{"timestamp":"2026-09-26T16:23:41.598047Z","level":"info","event":"Données récupérées pour Casablanca","logger":"task.stdout"}
{"timestamp":"2026-09-26T16:23:42.048329Z","level":"info","event":"Données récupérées pour Tangier","logger":"task.stdout"}
{"timestamp":"2026-09-26T16:23:42.483418Z","level":"info","event":"Données récupérées pour Fès","logger":"task.stdout"}
{"timestamp":"2026-09-26T16:23:42.865811Z","level":"info","event":"Données récupérées pour Marrakech","logger":"task.stdout"}
{"timestamp":"2026-09-26T16:23:43.250201Z","level":"info","event":"Données récupérées pour Sale","logger":"task.stdout"}
{"timestamp":"2026-09-26T16:23:43.617252Z","level":"info","event":"Données récupérées pour Meknès","logger":"task.stdout"}
{"timestamp":"2026-09-26T16:23:44.258330Z","level":"info","event":"Données récupérées pour Rabat","logger":"task.stdout"}
{"timestamp":"2026-09-26T16:23:44.940660Z","level":"info","event":"Données récupérées pour Agadir","logger":"task.stdout"}
{"timestamp":"2026-09-26T16:23:45.314460Z","level":"info","event":"Données récupérées pour Kenitra","logger":"task.stdout"}
{"timestamp":"2026-09-26T16:23:45.683576Z","level":"info","event":"Données récupérées pour Oujda-Angad","logger":"task.stdout"}
{"timestamp":"2026-09-26T16:23:46.034364Z","level":"info","event":"Données récupérées pour Tétouan","logger":"task.stdout"}
{"timestamp":"2026-09-26T16:23:46.413519Z","level":"info","event":"Données récupérées pour Safi","logger":"task.stdout"}
{"timestamp":"2026-09-26T16:23:46.845004Z","level":"info","event":"Données récupérées pour Taourirt","logger":"task.stdout"}
{"timestamp":"2026-09-26T16:23:47.210234Z","level":"info","event":"Données récupérées pour Temara","logger":"task.stdout"}
{"timestamp":"2026-09-26T16:23:47.590920Z","level":"info","event":"Données récupérées pour Laâyoune","logger":"task.stdout"}
{"timestamp":"2026-09-26T16:23:47.980089Z","level":"info","event":"Données récupérées pour El Jadid","logger":"task.stdout"}
{"timestamp":"2026-09-26T16:23:48.350405Z","level":"info","event":"Données récupérées pour Ait Melloul","logger":"task.stdout"}
{"timestamp":"2026-09-26T16:23:48.738577Z","level":"info","event":"Données récupérées pour Béni Mellal","logger":"task.stdout"}
{"timestamp":"2026-09-26T16:23:49.170696Z","level":"info","event":"Données récupérées pour Bouskoura","logger":"task.stdout"}
{"timestamp":"2026-09-26T16:23:49.547624Z","level":"info","event":"Données récupérées pour Tiznit","logger":"task.stdout"}
{"timestamp":"2026-09-26T16:23:49.914416Z","level":"info","event":"Données récupérées pour Mohammedia","logger":"task.stdout"}
{"timestamp":"2026-09-26T16:23:50.303694Z","level":"info","event":"Données récupérées pour Kouribga","logger":"task.stdout"}
{"timestamp":"2026-09-26T16:23:50.669134Z","level":"info","event":"Données récupérées pour Settat","logger":"task.stdout"}
{"timestamp":"2026-09-26T16:23:51.040859Z","level":"info","event":"Données récupérées pour Barrechid","logger":"task.stdout"}
{"timestamp":"2026-09-26T16:23:51.426519Z","level":"info","event":"Données récupérées pour Ad Dakhla","logger":"task.stdout"}
{"timestamp":"2026-09-26T16:23:51.778222Z","level":"info","event":"Données récupérées pour Nador","logger":"task.stdout"}
{"timestamp":"2026-09-26T16:23:52.135121Z","level":"info","event":"Données récupérées pour Taza","logger":"task.stdout"}
{"timestamp":"2026-09-26T16:23:52.526934Z","level":"info","event":"Données récupérées pour Inezgane","logger":"task.stdout"}
{"timestamp":"2026-09-26T16:23:52.904879Z","level":"info","event":"Données récupérées pour Larache","logger":"task.stdout"}
{"timestamp":"2026-09-26T16:23:53.281231Z","level":"info","event":"Données récupérées pour Al Khmissat","logger":"task.stdout"}
{"timestamp":"2026-09-26T16:23:53.639258Z","level":"info","event":"Données récupérées pour Guelmim","logger":"task.stdout"}
{"timestamp":"2026-09-26T16:23:54.015242Z","level":"info","event":"Données récupérées pour Ksar El Kebir","logger":"task.stdout"}
{"timestamp":"2026-09-26T16:23:54.367065Z","level":"info","event":"Données récupérées pour Khénifra","logger":"task.stdout"}
{"timestamp":"2026-09-26T16:23:54.743637Z","level":"info","event":"Données récupérées pour Skhirate","logger":"task.stdout"}
{"timestamp":"2026-09-26T16:23:55.141050Z","level":"info","event":"Données récupérées pour Beni Yakhlef","logger":"task.stdout"}
{"timestamp":"2026-09-26T16:23:55.477669Z","level":"info","event":"Données récupérées pour Sidi Yahya Zaer","logger":"task.stdout"}
{"timestamp":"2026-09-26T16:23:55.862166Z","level":"info","event":"Données récupérées pour Ben Guerir","logger":"task.stdout"}
{"timestamp":"2026-09-26T16:23:56.322881Z","level":"info","event":"Données récupérées pour Ait Ali","logger":"task.stdout"}
{"timestamp":"2026-09-26T16:23:56.691652Z","level":"info","event":"Données récupérées pour My Drarga","logger":"task.stdout"}
{"timestamp":"2026-09-26T16:23:57.067440Z","level":"info","event":"Données récupérées pour Lqoliaa","logger":"task.stdout"}
{"timestamp":"2026-09-26T16:23:57.470437Z","level":"info","event":"Données récupérées pour El Kelaa des Srarhna","logger":"task.stdout"}
{"timestamp":"2026-09-26T16:23:57.845961Z","level":"info","event":"Données récupérées pour Moulay Abdallah","logger":"task.stdout"}
{"timestamp":"2026-09-26T16:23:58.219058Z","level":"info","event":"Données récupérées pour Tiflet","logger":"task.stdout"}
{"timestamp":"2026-09-26T16:23:58.600454Z","level":"info","event":"Données récupérées pour Oulad Teïma","logger":"task.stdout"}
{"timestamp":"2026-09-26T16:23:59.287524Z","level":"info","event":"Données récupérées pour Berkane","logger":"task.stdout"}
{"timestamp":"2026-09-26T16:23:59.647194Z","level":"info","event":"Données récupérées pour Ain El Aouda","logger":"task.stdout"}
{"timestamp":"2026-09-26T16:24:00.020181Z","level":"info","event":"Données récupérées pour Errachidia","logger":"task.stdout"}
{"timestamp":"2026-09-26T16:24:00.391969Z","level":"info","event":"Données récupérées pour Al Fqih Ben Çalah","logger":"task.stdout"}
{"timestamp":"2026-09-26T16:24:00.739579Z","level":"info","event":"Données récupérées pour Ad Darwa","logger":"task.stdout"}
{"timestamp":"2026-09-26T16:24:01.096218Z","level":"info","event":"Données récupérées pour Martil","logger":"task.stdout"}
{"timestamp":"2026-09-26T16:24:01.470953Z","level":"info","event":"Données récupérées pour Sidi Slimane","logger":"task.stdout"}
{"timestamp":"2026-09-26T16:24:01.822421Z","level":"info","event":"Données récupérées pour Oued Zem","logger":"task.stdout"}
{"timestamp":"2026-09-26T16:24:02.179226Z","level":"info","event":"Données récupérées pour Sefrou","logger":"task.stdout"}
{"timestamp":"2026-09-26T16:24:02.560061Z","level":"info","event":"Données récupérées pour Taroudannt","logger":"task.stdout"}
{"timestamp":"2026-09-26T16:24:02.930188Z","level":"info","event":"Données récupérées pour Essaouira","logger":"task.stdout"}
{"timestamp":"2026-09-26T16:24:03.288469Z","level":"info","event":"Données récupérées pour Azrou","logger":"task.stdout"}
{"timestamp":"2026-09-26T16:24:03.648218Z","level":"info","event":"Données récupérées pour Guercif","logger":"task.stdout"}
{"timestamp":"2026-09-26T16:24:04.011440Z","level":"info","event":"Données récupérées pour Warzat","logger":"task.stdout"}
{"timestamp":"2026-09-26T16:24:04.383291Z","level":"info","event":"Données récupérées pour Fnidq","logger":"task.stdout"}
{"timestamp":"2026-09-26T16:24:04.765845Z","level":"info","event":"Données récupérées pour Tan-Tan","logger":"task.stdout"}
{"timestamp":"2026-09-26T16:24:05.114439Z","level":"info","event":"Données récupérées pour Sidi Qacem","logger":"task.stdout"}
{"timestamp":"2026-09-26T16:24:05.548402Z","level":"info","event":"Données récupérées pour M’diq","logger":"task.stdout"}
{"timestamp":"2026-09-26T16:24:09.938132Z","level":"info","event":"Données récupérées pour Youssoufia","logger":"task.stdout"}
{"timestamp":"2026-09-26T16:24:10.309129Z","level":"info","event":"Données récupérées pour Midalt","logger":"task.stdout"}
{"timestamp":"2026-09-26T16:24:10.656343Z","level":"info","event":"Données récupérées pour Aïn Harrouda","logger":"task.stdout"}
{"timestamp":"2026-09-26T16:24:11.026401Z","level":"info","event":"Données récupérées pour Souq Sebt Oulad Nemma","logger":"task.stdout"}
{"timestamp":"2026-09-26T16:24:11.390659Z","level":"info","event":"Données récupérées pour Mehdya","logger":"task.stdout"}
{"timestamp":"2026-09-26T16:24:11.764886Z","level":"info","event":"Données récupérées pour Ouezzane","logger":"task.stdout"}
{"timestamp":"2026-09-26T16:24:12.147546Z","level":"info","event":"Données récupérées pour Semara","logger":"task.stdout"}
{"timestamp":"2026-09-26T16:24:12.500508Z","level":"info","event":"Données récupérées pour Ait Ourir","logger":"task.stdout"}
{"timestamp":"2026-09-26T16:24:12.875698Z","level":"info","event":"Données récupérées pour Oulad Tayeb","logger":"task.stdout"}
{"timestamp":"2026-09-26T16:24:13.248995Z","level":"info","event":"Données récupérées pour Tit Mellil","logger":"task.stdout"}
{"timestamp":"2026-09-26T16:24:13.613258Z","level":"info","event":"Données récupérées pour Sidi Bennour","logger":"task.stdout"}
{"timestamp":"2026-09-26T16:24:13.949633Z","level":"info","event":"Données récupérées pour Temsia","logger":"task.stdout"}
{"timestamp":"2026-09-26T16:24:14.314833Z","level":"info","event":"Données récupérées pour Biougra","logger":"task.stdout"}
{"timestamp":"2026-09-26T16:24:14.692414Z","level":"info","event":"Données récupérées pour Al Hoceïma","logger":"task.stdout"}
{"timestamp":"2026-09-26T16:24:15.057126Z","level":"info","event":"Données récupérées pour Qasbat Tadla","logger":"task.stdout"}
{"timestamp":"2026-09-26T16:24:15.419144Z","level":"info","event":"Données récupérées pour Aziylal","logger":"task.stdout"}
{"timestamp":"2026-09-26T16:24:15.759899Z","level":"info","event":"Données récupérées pour Boujad","logger":"task.stdout"}
{"timestamp":"2026-09-26T16:24:16.135832Z","level":"info","event":"Données récupérées pour Al Aaroui","logger":"task.stdout"}
{"timestamp":"2026-09-26T16:24:16.497991Z","level":"info","event":"Données récupérées pour Mrirt","logger":"task.stdout"}
{"timestamp":"2026-09-26T16:24:16.864113Z","level":"info","event":"Données récupérées pour Tineghir","logger":"task.stdout"}
{"timestamp":"2026-09-26T16:24:17.236805Z","level":"info","event":"Données récupérées pour Bouknadel","logger":"task.stdout"}
{"timestamp":"2026-09-26T16:24:17.622424Z","level":"info","event":"Données récupérées pour Cabo Bojador","logger":"task.stdout"}
{"timestamp":"2026-09-26T16:24:17.963274Z","level":"info","event":"Données récupérées pour Zagora","logger":"task.stdout"}
{"timestamp":"2026-09-26T16:24:18.336142Z","level":"info","event":"Données récupérées pour Azemmour","logger":"task.stdout"}
{"timestamp":"2026-09-26T16:24:18.676699Z","level":"info","event":"Données récupérées pour El Hajeb","logger":"task.stdout"}
{"timestamp":"2026-09-26T16:24:19.034038Z","level":"info","event":"Données récupérées pour Jerada","logger":"task.stdout"}
{"timestamp":"2026-09-26T16:24:19.406023Z","level":"info","event":"Données récupérées pour El Aïoun","logger":"task.stdout"}
{"timestamp":"2026-09-26T16:24:19.783155Z","level":"info","event":"Données récupérées pour Tameslouht","logger":"task.stdout"}
{"timestamp":"2026-09-26T16:24:20.149589Z","level":"info","event":"Données récupérées pour Sidi Yahia El Gharb","logger":"task.stdout"}
{"timestamp":"2026-09-26T16:24:20.502838Z","level":"info","event":"Données récupérées pour Chichaoua","logger":"task.stdout"}
{"timestamp":"2026-09-26T16:24:20.910943Z","level":"info","event":"Données récupérées pour Al ’Attawia","logger":"task.stdout"}
{"timestamp":"2026-09-26T16:24:21.261814Z","level":"info","event":"Données récupérées pour Tabount","logger":"task.stdout"}
{"timestamp":"2026-09-26T16:24:21.639840Z","level":"info","event":"Données récupérées pour Zaïo","logger":"task.stdout"}
{"timestamp":"2026-09-26T16:24:22.003315Z","level":"info","event":"Données récupérées pour Aguelmous","logger":"task.stdout"}
{"timestamp":"2026-09-26T16:24:22.378607Z","level":"info","event":"Données récupérées pour Asilah","logger":"task.stdout"}
{"timestamp":"2026-09-26T16:24:22.737922Z","level":"info","event":"Données récupérées pour Imzouren","logger":"task.stdout"}
{"timestamp":"2026-09-26T16:24:23.104727Z","level":"info","event":"Données récupérées pour Mediouna","logger":"task.stdout"}
{"timestamp":"2026-09-26T16:24:23.476265Z","level":"info","event":"Données récupérées pour Demnat","logger":"task.stdout"}
{"timestamp":"2026-09-26T16:24:23.854000Z","level":"info","event":"Données récupérées pour Aïn Taoujdat","logger":"task.stdout"}
{"timestamp":"2026-09-26T16:24:24.230964Z","level":"info","event":"Données récupérées pour Sidi Smai’il","logger":"task.stdout"}
{"timestamp":"2026-09-26T16:24:24.622972Z","level":"info","event":"Données récupérées pour Moulay Bousselham","logger":"task.stdout"}
{"timestamp":"2026-09-26T16:24:25.002936Z","level":"info","event":"Données récupérées pour Mechraa Bel Ksiri","logger":"task.stdout"}
{"timestamp":"2026-09-26T16:24:25.406823Z","level":"info","event":"Données récupérées pour Souk et Tnine Jorf el Mellah","logger":"task.stdout"}
{"timestamp":"2026-09-26T16:24:25.762414Z","level":"info","event":"Données récupérées pour Zeghanghane","logger":"task.stdout"}
{"timestamp":"2026-09-26T16:24:26.140342Z","level":"info","event":"Données récupérées pour Oulad Barhil","logger":"task.stdout"}
{"timestamp":"2026-09-26T16:24:26.544256Z","level":"info","event":"Données récupérées pour Bir Jdid","logger":"task.stdout"}
{"timestamp":"2026-09-26T16:24:26.904316Z","level":"info","event":"Données récupérées pour Bou Arfa","logger":"task.stdout"}
{"timestamp":"2026-09-26T16:24:27.273147Z","level":"info","event":"Données récupérées pour Tahannawt","logger":"task.stdout"}
{"timestamp":"2026-09-26T16:24:27.656156Z","level":"info","event":"Données récupérées pour Arfoud","logger":"task.stdout"}
{"timestamp":"2026-09-26T16:24:28.055446Z","level":"info","event":"Données récupérées pour Tahla","logger":"task.stdout"}
{"timestamp":"2026-09-26T16:24:28.429949Z","level":"info","event":"Données récupérées pour Missour","logger":"task.stdout"}
{"timestamp":"2026-09-26T16:24:28.788425Z","level":"info","event":"Données récupérées pour Sidi Lmokhtar","logger":"task.stdout"}
{"timestamp":"2026-09-26T16:24:29.159791Z","level":"info","event":"Données récupérées pour Douar Toulal","logger":"task.stdout"}
{"timestamp":"2026-09-26T16:24:29.591688Z","level":"info","event":"Données récupérées pour Oulad Yaïch","logger":"task.stdout"}
{"timestamp":"2026-09-26T16:24:29.974396Z","level":"info","event":"Données récupérées pour Zawyat ech Cheïkh","logger":"task.stdout"}
{"timestamp":"2026-09-26T16:24:30.348998Z","level":"info","event":"Données récupérées pour Imi-n-Tanout","logger":"task.stdout"}
{"timestamp":"2026-09-26T16:24:30.691496Z","level":"info","event":"Données récupérées pour Sebt Gzoula","logger":"task.stdout"}
{"timestamp":"2026-09-26T16:24:31.088026Z","level":"info","event":"Données récupérées pour Tifariti","logger":"task.stdout"}
{"timestamp":"2026-09-26T16:24:31.262073Z","level":"info","event":"Fichier enregistré : /opt/airflow/project/data/bronze/meteo_api.json","logger":"task.stdout"}
{"timestamp":"2026-09-26T16:24:31.263632Z","level":"info","event":"Done. Returned value was: /opt/airflow/project/data/bronze/meteo_api.json","logger":"airflow.task.operators.airflow.providers.standard.operators.python.PythonOperator","filename":"python.py","lineno":218}
{"timestamp":"2026-09-26T16:24:31.263859Z","level":"info","event":"Pushing xcom","ti":"RuntimeTaskInstance(id=UUID('01a0de87-8bc2-7fb1-b440-2a36e2f96a78'), task_id='extract', dag_id='weather_checher', run_id='manual__2026-09-26T16:23:40.215970+00:00', try_number=1, dag_version_id=UUID('01a0de77-0422-71fc-b882-5059e15b32e5'), map_index=-1, hostname='0fb2becc6bef', context_carrier={}, task=<Task(PythonOperator): extract>, bundle_instance=LocalDagBundle(name=dags-folder), max_tries=0, start_date=datetime.datetime(2026, 9, 26, 16, 23, 40, 833828, tzinfo=datetime.timezone.utc), end_date=None, state=<TaskInstanceState.RUNNING: 'running'>, is_mapped=False, rendered_map_index=None)","logger":"task","filename":"task_runner.py","lineno":1352}
