{"timestamp":"2026-09-26T16:20:04.286704Z","level":"info","event":"DAG bundles loaded: dags-folder","logger":"airflow.dag_processing.bundles.manager.DagBundlesManager","filename":"manager.py","lineno":179}
{"timestamp":"2026-09-26T16:20:04.287991Z","level":"info","event":"Filling up the DagBag from /opt/airflow/dags/weather_checher.py","logger":"airflow.models.dagbag.DagBag","filename":"dagbag.py","lineno":593}
{"timestamp":"2026-09-26T16:20:05.297147Z","level":"info","event":"Données récupérées pour Casablanca","logger":"task.stdout"}
{"timestamp":"2026-09-26T16:20:06.847310Z","level":"info","event":"Données récupérées pour Tangier","logger":"task.stdout"}
{"timestamp":"2026-09-26T16:20:07.373858Z","level":"info","event":"Données récupérées pour Fès","logger":"task.stdout"}
{"timestamp":"2026-09-26T16:20:07.989380Z","level":"info","event":"Données récupérées pour Marrakech","logger":"task.stdout"}
{"timestamp":"2026-09-26T16:20:08.429113Z","level":"info","event":"Données récupérées pour Sale","logger":"task.stdout"}
{"timestamp":"2026-09-26T16:20:12.970252Z","level":"info","event":"Données récupérées pour Meknès","logger":"task.stdout"}
{"timestamp":"2026-09-26T16:20:13.358925Z","level":"info","event":"Données récupérées pour Rabat","logger":"task.stdout"}
{"timestamp":"2026-09-26T16:20:13.725114Z","level":"info","event":"Données récupérées pour Agadir","logger":"task.stdout"}
{"timestamp":"2026-09-26T16:20:14.086484Z","level":"info","event":"Données récupérées pour Kenitra","logger":"task.stdout"}
{"timestamp":"2026-09-26T16:20:14.459362Z","level":"info","event":"Données récupérées pour Oujda-Angad","logger":"task.stdout"}
{"timestamp":"2026-09-26T16:20:14.829185Z","level":"info","event":"Données récupérées pour Tétouan","logger":"task.stdout"}
{"timestamp":"2026-09-26T16:20:15.190909Z","level":"info","event":"Données récupérées pour Safi","logger":"task.stdout"}
{"timestamp":"2026-09-26T16:20:15.547561Z","level":"info","event":"Données récupérées pour Taourirt","logger":"task.stdout"}
{"timestamp":"2026-09-26T16:20:15.906230Z","level":"info","event":"Données récupérées pour Temara","logger":"task.stdout"}
{"timestamp":"2026-09-26T16:20:16.266794Z","level":"info","event":"Données récupérées pour Laâyoune","logger":"task.stdout"}
{"timestamp":"2026-09-26T16:20:16.641631Z","level":"info","event":"Données récupérées pour El Jadid","logger":"task.stdout"}
{"timestamp":"2026-09-26T16:20:17.010458Z","level":"info","event":"Données récupérées pour Ait Melloul","logger":"task.stdout"}
{"timestamp":"2026-09-26T16:20:17.386627Z","level":"info","event":"Données récupérées pour Béni Mellal","logger":"task.stdout"}
{"timestamp":"2026-09-26T16:20:17.747475Z","level":"info","event":"Données récupérées pour Bouskoura","logger":"task.stdout"}
{"timestamp":"2026-09-26T16:20:18.101766Z","level":"info","event":"Données récupérées pour Tiznit","logger":"task.stdout"}
{"timestamp":"2026-09-26T16:20:18.728830Z","level":"info","event":"Données récupérées pour Mohammedia","logger":"task.stdout"}
{"timestamp":"2026-09-26T16:20:19.086943Z","level":"info","event":"Données récupérées pour Kouribga","logger":"task.stdout"}
{"timestamp":"2026-09-26T16:20:19.469257Z","level":"info","event":"Données récupérées pour Settat","logger":"task.stdout"}
{"timestamp":"2026-09-26T16:20:19.836926Z","level":"info","event":"Données récupérées pour Barrechid","logger":"task.stdout"}
{"timestamp":"2026-09-26T16:20:20.232116Z","level":"info","event":"Données récupérées pour Ad Dakhla","logger":"task.stdout"}
{"timestamp":"2026-09-26T16:20:20.676004Z","level":"info","event":"Données récupérées pour Nador","logger":"task.stdout"}
{"timestamp":"2026-09-26T16:20:21.103116Z","level":"info","event":"Données récupérées pour Taza","logger":"task.stdout"}
{"timestamp":"2026-09-26T16:20:21.495599Z","level":"info","event":"Données récupérées pour Inezgane","logger":"task.stdout"}
{"timestamp":"2026-09-26T16:20:21.876396Z","level":"info","event":"Données récupérées pour Larache","logger":"task.stdout"}
{"timestamp":"2026-09-26T16:20:22.309938Z","level":"info","event":"Données récupérées pour Al Khmissat","logger":"task.stdout"}
{"timestamp":"2026-09-26T16:20:22.809636Z","level":"info","event":"Données récupérées pour Guelmim","logger":"task.stdout"}
{"timestamp":"2026-09-26T16:20:23.210325Z","level":"info","event":"Données récupérées pour Ksar El Kebir","logger":"task.stdout"}
{"timestamp":"2026-09-26T16:20:23.612243Z","level":"info","event":"Données récupérées pour Khénifra","logger":"task.stdout"}
{"timestamp":"2026-09-26T16:20:23.995516Z","level":"info","event":"Données récupérées pour Skhirate","logger":"task.stdout"}
{"timestamp":"2026-09-26T16:20:24.383687Z","level":"info","event":"Données récupérées pour Beni Yakhlef","logger":"task.stdout"}
{"timestamp":"2026-09-26T16:20:24.755428Z","level":"info","event":"Données récupérées pour Sidi Yahya Zaer","logger":"task.stdout"}
{"timestamp":"2026-09-26T16:20:25.168482Z","level":"info","event":"Données récupérées pour Ben Guerir","logger":"task.stdout"}
{"timestamp":"2026-09-26T16:20:25.575163Z","level":"info","event":"Données récupérées pour Ait Ali","logger":"task.stdout"}
{"timestamp":"2026-09-26T16:20:25.993161Z","level":"info","event":"Données récupérées pour My Drarga","logger":"task.stdout"}
{"timestamp":"2026-09-26T16:20:26.389304Z","level":"info","event":"Données récupérées pour Lqoliaa","logger":"task.stdout"}
{"timestamp":"2026-09-26T16:20:26.761417Z","level":"info","event":"Données récupérées pour El Kelaa des Srarhna","logger":"task.stdout"}
{"timestamp":"2026-09-26T16:20:28.152064Z","level":"info","event":"Données récupérées pour Moulay Abdallah","logger":"task.stdout"}
{"timestamp":"2026-09-26T16:20:28.506321Z","level":"info","event":"Données récupérées pour Tiflet","logger":"task.stdout"}
{"timestamp":"2026-09-26T16:20:28.851443Z","level":"info","event":"Données récupérées pour Oulad Teïma","logger":"task.stdout"}
{"timestamp":"2026-09-26T16:20:29.239616Z","level":"info","event":"Données récupérées pour Berkane","logger":"task.stdout"}
{"timestamp":"2026-09-26T16:20:29.616754Z","level":"info","event":"Données récupérées pour Ain El Aouda","logger":"task.stdout"}
{"timestamp":"2026-09-26T16:20:29.989389Z","level":"info","event":"Données récupérées pour Errachidia","logger":"task.stdout"}
{"timestamp":"2026-09-26T16:20:30.670689Z","level":"info","event":"Données récupérées pour Al Fqih Ben Çalah","logger":"task.stdout"}
{"timestamp":"2026-09-26T16:20:31.046847Z","level":"info","event":"Données récupérées pour Ad Darwa","logger":"task.stdout"}
{"timestamp":"2026-09-26T16:20:31.436824Z","level":"info","event":"Données récupérées pour Martil","logger":"task.stdout"}
{"timestamp":"2026-09-26T16:20:31.882470Z","level":"info","event":"Données récupérées pour Sidi Slimane","logger":"task.stdout"}
{"timestamp":"2026-09-26T16:20:32.440640Z","level":"info","event":"Données récupérées pour Oued Zem","logger":"task.stdout"}
{"timestamp":"2026-09-26T16:20:33.065437Z","level":"info","event":"Données récupérées pour Sefrou","logger":"task.stdout"}
{"timestamp":"2026-09-26T16:20:33.445963Z","level":"info","event":"Données récupérées pour Taroudannt","logger":"task.stdout"}
{"timestamp":"2026-09-26T16:20:33.900426Z","level":"info","event":"Données récupérées pour Essaouira","logger":"task.stdout"}
{"timestamp":"2026-09-26T16:20:38.361684Z","level":"info","event":"Données récupérées pour Azrou","logger":"task.stdout"}
{"timestamp":"2026-09-26T16:20:38.857830Z","level":"info","event":"Données récupérées pour Guercif","logger":"task.stdout"}
{"timestamp":"2026-09-26T16:20:39.271532Z","level":"info","event":"Données récupérées pour Warzat","logger":"task.stdout"}
{"timestamp":"2026-09-26T16:20:39.785348Z","level":"info","event":"Données récupérées pour Fnidq","logger":"task.stdout"}
{"timestamp":"2026-09-26T16:20:40.173434Z","level":"info","event":"Données récupérées pour Tan-Tan","logger":"task.stdout"}
{"timestamp":"2026-09-26T16:20:40.559856Z","level":"info","event":"Données récupérées pour Sidi Qacem","logger":"task.stdout"}
{"timestamp":"2026-09-26T16:20:40.966436Z","level":"info","event":"Données récupérées pour M’diq","logger":"task.stdout"}
{"timestamp":"2026-09-26T16:20:41.426015Z","level":"info","event":"Données récupérées pour Youssoufia","logger":"task.stdout"}
{"timestamp":"2026-09-26T16:20:41.819259Z","level":"info","event":"Données récupérées pour Midalt","logger":"task.stdout"}
{"timestamp":"2026-09-26T16:20:42.181878Z","level":"info","event":"Données récupérées pour Aïn Harrouda","logger":"task.stdout"}
{"timestamp":"2026-09-26T16:20:42.605486Z","level":"info","event":"Données récupérées pour Souq Sebt Oulad Nemma","logger":"task.stdout"}
{"timestamp":"2026-09-26T16:20:43.139298Z","level":"info","event":"Données récupérées pour Mehdya","logger":"task.stdout"}
{"timestamp":"2026-09-26T16:20:43.614762Z","level":"info","event":"Données récupérées pour Ouezzane","logger":"task.stdout"}
{"timestamp":"2026-09-26T16:20:44.025895Z","level":"info","event":"Données récupérées pour Semara","logger":"task.stdout"}
{"timestamp":"2026-09-26T16:20:44.422139Z","level":"info","event":"Données récupérées pour Ait Ourir","logger":"task.stdout"}
{"timestamp":"2026-09-26T16:20:44.828833Z","level":"info","event":"Données récupérées pour Oulad Tayeb","logger":"task.stdout"}
{"timestamp":"2026-09-26T16:20:45.272095Z","level":"info","event":"Données récupérées pour Tit Mellil","logger":"task.stdout"}
{"timestamp":"2026-09-26T16:20:46.102455Z","level":"info","event":"Données récupérées pour Sidi Bennour","logger":"task.stdout"}
{"timestamp":"2026-09-26T16:20:46.525659Z","level":"info","event":"Données récupérées pour Temsia","logger":"task.stdout"}
{"timestamp":"2026-09-26T16:20:46.948979Z","level":"info","event":"Données récupérées pour Biougra","logger":"task.stdout"}
{"timestamp":"2026-09-26T16:20:47.361695Z","level":"info","event":"Données récupérées pour Al Hoceïma","logger":"task.stdout"}
{"timestamp":"2026-09-26T16:20:47.758611Z","level":"info","event":"Données récupérées pour Qasbat Tadla","logger":"task.stdout"}
{"timestamp":"2026-09-26T16:20:48.245123Z","level":"info","event":"Données récupérées pour Aziylal","logger":"task.stdout"}
{"timestamp":"2026-09-26T16:20:48.916664Z","level":"info","event":"Données récupérées pour Boujad","logger":"task.stdout"}
{"timestamp":"2026-09-26T16:20:49.330649Z","level":"info","event":"Données récupérées pour Al Aaroui","logger":"task.stdout"}
{"timestamp":"2026-09-26T16:20:50.037333Z","level":"info","event":"Données récupérées pour Mrirt","logger":"task.stdout"}
{"timestamp":"2026-09-26T16:20:50.581040Z","level":"info","event":"Données récupérées pour Tineghir","logger":"task.stdout"}
{"timestamp":"2026-09-26T16:20:50.967094Z","level":"info","event":"Données récupérées pour Bouknadel","logger":"task.stdout"}
{"timestamp":"2026-09-26T16:20:51.403625Z","level":"info","event":"Données récupérées pour Cabo Bojador","logger":"task.stdout"}
{"timestamp":"2026-09-26T16:20:51.815679Z","level":"info","event":"Données récupérées pour Zagora","logger":"task.stdout"}
{"timestamp":"2026-09-26T16:20:52.227563Z","level":"info","event":"Données récupérées pour Azemmour","logger":"task.stdout"}
{"timestamp":"2026-09-26T16:20:52.648079Z","level":"info","event":"Données récupérées pour El Hajeb","logger":"task.stdout"}
{"timestamp":"2026-09-26T16:20:53.050513Z","level":"info","event":"Données récupérées pour Jerada","logger":"task.stdout"}
{"timestamp":"2026-09-26T16:20:53.484098Z","level":"info","event":"Données récupérées pour El Aïoun","logger":"task.stdout"}
{"timestamp":"2026-09-26T16:20:54.433521Z","level":"info","event":"Données récupérées pour Tameslouht","logger":"task.stdout"}
{"timestamp":"2026-09-26T16:20:54.942262Z","level":"info","event":"Données récupérées pour Sidi Yahia El Gharb","logger":"task.stdout"}
{"timestamp":"2026-09-26T16:20:55.356947Z","level":"info","event":"Données récupérées pour Chichaoua","logger":"task.stdout"}
{"timestamp":"2026-09-26T16:20:55.779527Z","level":"info","event":"Données récupérées pour Al ’Attawia","logger":"task.stdout"}
{"timestamp":"2026-09-26T16:21:00.206680Z","level":"info","event":"Données récupérées pour Tabount","logger":"task.stdout"}
{"timestamp":"2026-09-26T16:21:00.608337Z","level":"info","event":"Données récupérées pour Zaïo","logger":"task.stdout"}
{"timestamp":"2026-09-26T16:21:01.052812Z","level":"info","event":"Données récupérées pour Aguelmous","logger":"task.stdout"}
{"timestamp":"2026-09-26T16:21:01.532244Z","level":"info","event":"Données récupérées pour Asilah","logger":"task.stdout"}
{"timestamp":"2026-09-26T16:21:01.993608Z","level":"info","event":"Données récupérées pour Imzouren","logger":"task.stdout"}
{"timestamp":"2026-09-26T16:21:02.470094Z","level":"info","event":"Données récupérées pour Mediouna","logger":"task.stdout"}
{"timestamp":"2026-09-26T16:21:03.100573Z","level":"info","event":"Données récupérées pour Demnat","logger":"task.stdout"}
{"timestamp":"2026-09-26T16:21:03.593932Z","level":"info","event":"Données récupérées pour Aïn Taoujdat","logger":"task.stdout"}
{"timestamp":"2026-09-26T16:21:04.031884Z","level":"info","event":"Données récupérées pour Sidi Smai’il","logger":"task.stdout"}
{"timestamp":"2026-09-26T16:21:04.564640Z","level":"info","event":"Données récupérées pour Moulay Bousselham","logger":"task.stdout"}
{"timestamp":"2026-09-26T16:21:05.139301Z","level":"info","event":"Données récupérées pour Mechraa Bel Ksiri","logger":"task.stdout"}
{"timestamp":"2026-09-26T16:21:05.610979Z","level":"info","event":"Données récupérées pour Souk et Tnine Jorf el Mellah","logger":"task.stdout"}
{"timestamp":"2026-09-26T16:21:10.014725Z","level":"info","event":"Données récupérées pour Zeghanghane","logger":"task.stdout"}
{"timestamp":"2026-09-26T16:21:10.547088Z","level":"info","event":"Données récupérées pour Oulad Barhil","logger":"task.stdout"}
{"timestamp":"2026-09-26T16:21:10.965614Z","level":"info","event":"Données récupérées pour Bir Jdid","logger":"task.stdout"}
{"timestamp":"2026-09-26T16:21:11.406988Z","level":"info","event":"Données récupérées pour Bou Arfa","logger":"task.stdout"}
{"timestamp":"2026-09-26T16:21:11.856896Z","level":"info","event":"Données récupérées pour Tahannawt","logger":"task.stdout"}
{"timestamp":"2026-09-26T16:21:12.423813Z","level":"info","event":"Données récupérées pour Arfoud","logger":"task.stdout"}
{"timestamp":"2026-09-26T16:21:12.967828Z","level":"info","event":"Données récupérées pour Tahla","logger":"task.stdout"}
{"timestamp":"2026-09-26T16:21:17.407290Z","level":"info","event":"Données récupérées pour Missour","logger":"task.stdout"}
{"timestamp":"2026-09-26T16:21:18.167019Z","level":"info","event":"Données récupérées pour Sidi Lmokhtar","logger":"task.stdout"}
{"timestamp":"2026-09-26T16:21:18.711564Z","level":"info","event":"Données récupérées pour Douar Toulal","logger":"task.stdout"}
{"timestamp":"2026-09-26T16:21:19.196012Z","level":"info","event":"Données récupérées pour Oulad Yaïch","logger":"task.stdout"}
{"timestamp":"2026-09-26T16:21:19.652103Z","level":"info","event":"Données récupérées pour Zawyat ech Cheïkh","logger":"task.stdout"}
{"timestamp":"2026-09-26T16:21:20.064186Z","level":"info","event":"Données récupérées pour Imi-n-Tanout","logger":"task.stdout"}
{"timestamp":"2026-09-26T16:21:20.581325Z","level":"info","event":"Données récupérées pour Sebt Gzoula","logger":"task.stdout"}
{"timestamp":"2026-09-26T16:21:21.091602Z","level":"info","event":"Données récupérées pour Tifariti","logger":"task.stdout"}
{"timestamp":"2026-09-26T16:21:21.272813Z","level":"info","event":"Fichier enregistré : /opt/airflow/project/data/bronze/meteo_api.json","logger":"task.stdout"}
{"timestamp":"2026-09-26T16:21:21.274777Z","level":"info","event":"Done. Returned value was: /opt/airflow/project/data/bronze/meteo_api.json","logger":"airflow.task.operators.airflow.providers.standard.operators.python.PythonOperator","filename":"python.py","lineno":218}
{"timestamp":"2026-09-26T16:21:21.274974Z","level":"info","event":"Pushing xcom","ti":"RuntimeTaskInstance(id=UUID('01a0de84-3c4a-73b7-8f5b-7cdd660f42ad'), task_id='extract', dag_id='weather_checher', run_id='manual__2026-09-26T16:20:03.258869+00:00', try_number=1, dag_version_id=UUID('01a0de77-0422-71fc-b882-5059e15b32e5'), map_index=-1, hostname='0fb2becc6bef', context_carrier={}, task=<Task(PythonOperator): extract>, bundle_instance=LocalDagBundle(name=dags-folder), max_tries=0, start_date=datetime.datetime(2026, 9, 26, 16, 20, 4, 255435, tzinfo=datetime.timezone.utc), end_date=None, state=<TaskInstanceState.RUNNING: 'running'>, is_mapped=False, rendered_map_index=None)","logger":"task","filename":"task_runner.py","lineno":1352}
