{"timestamp":"2026-09-19T15:29:00.945201Z","level":"info","event":"DAG bundles loaded: dags-folder","logger":"airflow.dag_processing.bundles.manager.DagBundlesManager","filename":"manager.py","lineno":179}
{"timestamp":"2026-09-19T15:29:00.945784Z","level":"info","event":"Filling up the DagBag from /opt/airflow/dags/weather_checher.py","logger":"airflow.models.dagbag.DagBag","filename":"dagbag.py","lineno":593}
{"timestamp":"2026-09-19T15:29:01.682233Z","level":"info","event":"Données récupérées pour Casablanca","logger":"task.stdout"}
{"timestamp":"2026-09-19T15:29:02.008279Z","level":"info","event":"Données récupérées pour Tangier","logger":"task.stdout"}
{"timestamp":"2026-09-19T15:29:02.337187Z","level":"info","event":"Données récupérées pour Fès","logger":"task.stdout"}
{"timestamp":"2026-09-19T15:29:02.656791Z","level":"info","event":"Données récupérées pour Marrakech","logger":"task.stdout"}
{"timestamp":"2026-09-19T15:29:02.974870Z","level":"info","event":"Données récupérées pour Sale","logger":"task.stdout"}
{"timestamp":"2026-09-19T15:29:03.289727Z","level":"info","event":"Données récupérées pour Meknès","logger":"task.stdout"}
{"timestamp":"2026-09-19T15:29:03.604259Z","level":"info","event":"Données récupérées pour Rabat","logger":"task.stdout"}
{"timestamp":"2026-09-19T15:29:03.915882Z","level":"info","event":"Données récupérées pour Agadir","logger":"task.stdout"}
{"timestamp":"2026-09-19T15:29:04.260713Z","level":"info","event":"Données récupérées pour Kenitra","logger":"task.stdout"}
{"timestamp":"2026-09-19T15:29:04.573780Z","level":"info","event":"Données récupérées pour Oujda-Angad","logger":"task.stdout"}
{"timestamp":"2026-09-19T15:29:04.906311Z","level":"info","event":"Données récupérées pour Tétouan","logger":"task.stdout"}
{"timestamp":"2026-09-19T15:29:05.228064Z","level":"info","event":"Données récupérées pour Safi","logger":"task.stdout"}
{"timestamp":"2026-09-19T15:29:05.551554Z","level":"info","event":"Données récupérées pour Taourirt","logger":"task.stdout"}
{"timestamp":"2026-09-19T15:29:05.872630Z","level":"info","event":"Données récupérées pour Temara","logger":"task.stdout"}
{"timestamp":"2026-09-19T15:29:06.178388Z","level":"info","event":"Données récupérées pour Laâyoune","logger":"task.stdout"}
{"timestamp":"2026-09-19T15:29:06.479990Z","level":"info","event":"Données récupérées pour El Jadid","logger":"task.stdout"}
{"timestamp":"2026-09-19T15:29:06.786642Z","level":"info","event":"Données récupérées pour Ait Melloul","logger":"task.stdout"}
{"timestamp":"2026-09-19T15:29:07.104885Z","level":"info","event":"Données récupérées pour Béni Mellal","logger":"task.stdout"}
{"timestamp":"2026-09-19T15:29:07.427659Z","level":"info","event":"Données récupérées pour Bouskoura","logger":"task.stdout"}
{"timestamp":"2026-09-19T15:29:07.725749Z","level":"info","event":"Données récupérées pour Tiznit","logger":"task.stdout"}
{"timestamp":"2026-09-19T15:29:08.040421Z","level":"info","event":"Données récupérées pour Mohammedia","logger":"task.stdout"}
{"timestamp":"2026-09-19T15:29:08.357565Z","level":"info","event":"Données récupérées pour Kouribga","logger":"task.stdout"}
{"timestamp":"2026-09-19T15:29:08.675848Z","level":"info","event":"Données récupérées pour Settat","logger":"task.stdout"}
{"timestamp":"2026-09-19T15:29:09.003543Z","level":"info","event":"Données récupérées pour Barrechid","logger":"task.stdout"}
{"timestamp":"2026-09-19T15:29:09.323857Z","level":"info","event":"Données récupérées pour Ad Dakhla","logger":"task.stdout"}
{"timestamp":"2026-09-19T15:29:09.642523Z","level":"info","event":"Données récupérées pour Nador","logger":"task.stdout"}
{"timestamp":"2026-09-19T15:29:09.946851Z","level":"info","event":"Données récupérées pour Taza","logger":"task.stdout"}
{"timestamp":"2026-09-19T15:29:10.253936Z","level":"info","event":"Données récupérées pour Inezgane","logger":"task.stdout"}
{"timestamp":"2026-09-19T15:29:10.570857Z","level":"info","event":"Données récupérées pour Larache","logger":"task.stdout"}
{"timestamp":"2026-09-19T15:29:10.878820Z","level":"info","event":"Données récupérées pour Al Khmissat","logger":"task.stdout"}
{"timestamp":"2026-09-19T15:29:11.195665Z","level":"info","event":"Données récupérées pour Guelmim","logger":"task.stdout"}
{"timestamp":"2026-09-19T15:29:11.497657Z","level":"info","event":"Données récupérées pour Ksar El Kebir","logger":"task.stdout"}
{"timestamp":"2026-09-19T15:29:11.809604Z","level":"info","event":"Données récupérées pour Khénifra","logger":"task.stdout"}
{"timestamp":"2026-09-19T15:29:12.130971Z","level":"info","event":"Données récupérées pour Skhirate","logger":"task.stdout"}
{"timestamp":"2026-09-19T15:29:12.434576Z","level":"info","event":"Données récupérées pour Beni Yakhlef","logger":"task.stdout"}
{"timestamp":"2026-09-19T15:29:12.731917Z","level":"info","event":"Données récupérées pour Sidi Yahya Zaer","logger":"task.stdout"}
{"timestamp":"2026-09-19T15:29:13.044346Z","level":"info","event":"Données récupérées pour Ben Guerir","logger":"task.stdout"}
{"timestamp":"2026-09-19T15:29:13.357511Z","level":"info","event":"Données récupérées pour Ait Ali","logger":"task.stdout"}
{"timestamp":"2026-09-19T15:29:13.651431Z","level":"info","event":"Données récupérées pour My Drarga","logger":"task.stdout"}
{"timestamp":"2026-09-19T15:29:13.969924Z","level":"info","event":"Données récupérées pour Lqoliaa","logger":"task.stdout"}
{"timestamp":"2026-09-19T15:29:14.275057Z","level":"info","event":"Données récupérées pour El Kelaa des Srarhna","logger":"task.stdout"}
{"timestamp":"2026-09-19T15:29:14.579913Z","level":"info","event":"Données récupérées pour Moulay Abdallah","logger":"task.stdout"}
{"timestamp":"2026-09-19T15:29:14.881756Z","level":"info","event":"Données récupérées pour Tiflet","logger":"task.stdout"}
{"timestamp":"2026-09-19T15:29:15.203750Z","level":"info","event":"Données récupérées pour Oulad Teïma","logger":"task.stdout"}
{"timestamp":"2026-09-19T15:29:15.519160Z","level":"info","event":"Données récupérées pour Berkane","logger":"task.stdout"}
{"timestamp":"2026-09-19T15:29:15.831549Z","level":"info","event":"Données récupérées pour Ain El Aouda","logger":"task.stdout"}
{"timestamp":"2026-09-19T15:29:16.141615Z","level":"info","event":"Données récupérées pour Errachidia","logger":"task.stdout"}
{"timestamp":"2026-09-19T15:29:16.461765Z","level":"info","event":"Données récupérées pour Al Fqih Ben Çalah","logger":"task.stdout"}
{"timestamp":"2026-09-19T15:29:16.786430Z","level":"info","event":"Données récupérées pour Ad Darwa","logger":"task.stdout"}
{"timestamp":"2026-09-19T15:29:17.093563Z","level":"info","event":"Données récupérées pour Martil","logger":"task.stdout"}
{"timestamp":"2026-09-19T15:29:17.389871Z","level":"info","event":"Données récupérées pour Sidi Slimane","logger":"task.stdout"}
{"timestamp":"2026-09-19T15:29:17.696762Z","level":"info","event":"Données récupérées pour Oued Zem","logger":"task.stdout"}
{"timestamp":"2026-09-19T15:29:18.005508Z","level":"info","event":"Données récupérées pour Sefrou","logger":"task.stdout"}
{"timestamp":"2026-09-19T15:29:18.303775Z","level":"info","event":"Données récupérées pour Taroudannt","logger":"task.stdout"}
{"timestamp":"2026-09-19T15:29:18.621013Z","level":"info","event":"Données récupérées pour Essaouira","logger":"task.stdout"}
{"timestamp":"2026-09-19T15:29:18.916023Z","level":"info","event":"Données récupérées pour Azrou","logger":"task.stdout"}
{"timestamp":"2026-09-19T15:29:19.226113Z","level":"info","event":"Données récupérées pour Guercif","logger":"task.stdout"}
{"timestamp":"2026-09-19T15:29:19.533327Z","level":"info","event":"Données récupérées pour Warzat","logger":"task.stdout"}
{"timestamp":"2026-09-19T15:29:19.868463Z","level":"info","event":"Données récupérées pour Fnidq","logger":"task.stdout"}
{"timestamp":"2026-09-19T15:29:20.182051Z","level":"info","event":"Données récupérées pour Tan-Tan","logger":"task.stdout"}
{"timestamp":"2026-09-19T15:29:20.505820Z","level":"info","event":"Données récupérées pour Sidi Qacem","logger":"task.stdout"}
{"timestamp":"2026-09-19T15:29:20.812295Z","level":"info","event":"Données récupérées pour M’diq","logger":"task.stdout"}
{"timestamp":"2026-09-19T15:29:21.123602Z","level":"info","event":"Données récupérées pour Youssoufia","logger":"task.stdout"}
{"timestamp":"2026-09-19T15:29:21.447877Z","level":"info","event":"Données récupérées pour Midalt","logger":"task.stdout"}
{"timestamp":"2026-09-19T15:29:21.776892Z","level":"info","event":"Données récupérées pour Aïn Harrouda","logger":"task.stdout"}
{"timestamp":"2026-09-19T15:29:22.093481Z","level":"info","event":"Données récupérées pour Souq Sebt Oulad Nemma","logger":"task.stdout"}
{"timestamp":"2026-09-19T15:29:22.401077Z","level":"info","event":"Données récupérées pour Mehdya","logger":"task.stdout"}
{"timestamp":"2026-09-19T15:29:22.724730Z","level":"info","event":"Données récupérées pour Ouezzane","logger":"task.stdout"}
{"timestamp":"2026-09-19T15:29:23.035993Z","level":"info","event":"Données récupérées pour Semara","logger":"task.stdout"}
{"timestamp":"2026-09-19T15:29:23.337504Z","level":"info","event":"Données récupérées pour Ait Ourir","logger":"task.stdout"}
{"timestamp":"2026-09-19T15:29:23.667895Z","level":"info","event":"Données récupérées pour Oulad Tayeb","logger":"task.stdout"}
{"timestamp":"2026-09-19T15:29:23.974094Z","level":"info","event":"Données récupérées pour Tit Mellil","logger":"task.stdout"}
{"timestamp":"2026-09-19T15:29:24.290647Z","level":"info","event":"Données récupérées pour Sidi Bennour","logger":"task.stdout"}
{"timestamp":"2026-09-19T15:29:24.609624Z","level":"info","event":"Données récupérées pour Temsia","logger":"task.stdout"}
{"timestamp":"2026-09-19T15:29:24.936155Z","level":"info","event":"Données récupérées pour Biougra","logger":"task.stdout"}
{"timestamp":"2026-09-19T15:29:25.237197Z","level":"info","event":"Données récupérées pour Al Hoceïma","logger":"task.stdout"}
{"timestamp":"2026-09-19T15:29:25.559661Z","level":"info","event":"Données récupérées pour Qasbat Tadla","logger":"task.stdout"}
{"timestamp":"2026-09-19T15:29:25.873048Z","level":"info","event":"Données récupérées pour Aziylal","logger":"task.stdout"}
{"timestamp":"2026-09-19T15:29:26.188828Z","level":"info","event":"Données récupérées pour Boujad","logger":"task.stdout"}
{"timestamp":"2026-09-19T15:29:26.518883Z","level":"info","event":"Données récupérées pour Al Aaroui","logger":"task.stdout"}
{"timestamp":"2026-09-19T15:29:26.839566Z","level":"info","event":"Données récupérées pour Mrirt","logger":"task.stdout"}
{"timestamp":"2026-09-19T15:29:27.142481Z","level":"info","event":"Données récupérées pour Tineghir","logger":"task.stdout"}
{"timestamp":"2026-09-19T15:29:27.456269Z","level":"info","event":"Données récupérées pour Bouknadel","logger":"task.stdout"}
{"timestamp":"2026-09-19T15:29:27.761893Z","level":"info","event":"Données récupérées pour Cabo Bojador","logger":"task.stdout"}
{"timestamp":"2026-09-19T15:29:28.086487Z","level":"info","event":"Données récupérées pour Zagora","logger":"task.stdout"}
{"timestamp":"2026-09-19T15:29:28.410342Z","level":"info","event":"Données récupérées pour Azemmour","logger":"task.stdout"}
{"timestamp":"2026-09-19T15:29:28.721832Z","level":"info","event":"Données récupérées pour El Hajeb","logger":"task.stdout"}
{"timestamp":"2026-09-19T15:29:29.033725Z","level":"info","event":"Données récupérées pour Jerada","logger":"task.stdout"}
{"timestamp":"2026-09-19T15:29:29.338055Z","level":"info","event":"Données récupérées pour El Aïoun","logger":"task.stdout"}
{"timestamp":"2026-09-19T15:29:29.665391Z","level":"info","event":"Données récupérées pour Tameslouht","logger":"task.stdout"}
{"timestamp":"2026-09-19T15:29:29.993942Z","level":"info","event":"Données récupérées pour Sidi Yahia El Gharb","logger":"task.stdout"}
{"timestamp":"2026-09-19T15:29:30.295270Z","level":"info","event":"Données récupérées pour Chichaoua","logger":"task.stdout"}
{"timestamp":"2026-09-19T15:29:30.607692Z","level":"info","event":"Données récupérées pour Al ’Attawia","logger":"task.stdout"}
{"timestamp":"2026-09-19T15:29:30.926091Z","level":"info","event":"Données récupérées pour Tabount","logger":"task.stdout"}
{"timestamp":"2026-09-19T15:29:31.235309Z","level":"info","event":"Données récupérées pour Zaïo","logger":"task.stdout"}
{"timestamp":"2026-09-19T15:29:31.541755Z","level":"info","event":"Données récupérées pour Aguelmous","logger":"task.stdout"}
{"timestamp":"2026-09-19T15:29:31.856865Z","level":"info","event":"Données récupérées pour Asilah","logger":"task.stdout"}
{"timestamp":"2026-09-19T15:29:32.156765Z","level":"info","event":"Données récupérées pour Imzouren","logger":"task.stdout"}
{"timestamp":"2026-09-19T15:29:32.463429Z","level":"info","event":"Données récupérées pour Mediouna","logger":"task.stdout"}
{"timestamp":"2026-09-19T15:29:32.775313Z","level":"info","event":"Données récupérées pour Demnat","logger":"task.stdout"}
{"timestamp":"2026-09-19T15:29:33.082266Z","level":"info","event":"Données récupérées pour Aïn Taoujdat","logger":"task.stdout"}
{"timestamp":"2026-09-19T15:29:33.388860Z","level":"info","event":"Données récupérées pour Sidi Smai’il","logger":"task.stdout"}
{"timestamp":"2026-09-19T15:29:33.694927Z","level":"info","event":"Données récupérées pour Moulay Bousselham","logger":"task.stdout"}
{"timestamp":"2026-09-19T15:29:34.011347Z","level":"info","event":"Données récupérées pour Mechraa Bel Ksiri","logger":"task.stdout"}
{"timestamp":"2026-09-19T15:29:34.326235Z","level":"info","event":"Données récupérées pour Souk et Tnine Jorf el Mellah","logger":"task.stdout"}
{"timestamp":"2026-09-19T15:29:34.660354Z","level":"info","event":"Données récupérées pour Zeghanghane","logger":"task.stdout"}
{"timestamp":"2026-09-19T15:29:34.988296Z","level":"info","event":"Données récupérées pour Oulad Barhil","logger":"task.stdout"}
{"timestamp":"2026-09-19T15:29:35.302543Z","level":"info","event":"Données récupérées pour Bir Jdid","logger":"task.stdout"}
{"timestamp":"2026-09-19T15:29:35.618931Z","level":"info","event":"Données récupérées pour Bou Arfa","logger":"task.stdout"}
{"timestamp":"2026-09-19T15:29:35.943794Z","level":"info","event":"Données récupérées pour Tahannawt","logger":"task.stdout"}
{"timestamp":"2026-09-19T15:29:36.273749Z","level":"info","event":"Données récupérées pour Arfoud","logger":"task.stdout"}
{"timestamp":"2026-09-19T15:29:36.586241Z","level":"info","event":"Données récupérées pour Tahla","logger":"task.stdout"}
{"timestamp":"2026-09-19T15:29:36.917714Z","level":"info","event":"Données récupérées pour Missour","logger":"task.stdout"}
{"timestamp":"2026-09-19T15:29:37.239701Z","level":"info","event":"Données récupérées pour Sidi Lmokhtar","logger":"task.stdout"}
{"timestamp":"2026-09-19T15:29:37.547488Z","level":"info","event":"Données récupérées pour Douar Toulal","logger":"task.stdout"}
{"timestamp":"2026-09-19T15:29:37.862350Z","level":"info","event":"Données récupérées pour Oulad Yaïch","logger":"task.stdout"}
{"timestamp":"2026-09-19T15:29:38.175192Z","level":"info","event":"Données récupérées pour Zawyat ech Cheïkh","logger":"task.stdout"}
{"timestamp":"2026-09-19T15:29:38.504791Z","level":"info","event":"Données récupérées pour Imi-n-Tanout","logger":"task.stdout"}
{"timestamp":"2026-09-19T15:29:38.835774Z","level":"info","event":"Données récupérées pour Sebt Gzoula","logger":"task.stdout"}
{"timestamp":"2026-09-19T15:29:39.152678Z","level":"info","event":"Données récupérées pour Tifariti","logger":"task.stdout"}
{"timestamp":"2026-09-19T15:29:39.159766Z","level":"info","event":"Fichier meteo_api.json enregistré.","logger":"task.stdout"}
{"timestamp":"2026-09-19T15:29:39.161461Z","level":"info","event":"Done. Returned value was: data/bronze/meteo_api.json","logger":"airflow.task.operators.airflow.providers.standard.operators.python.PythonOperator","filename":"python.py","lineno":218}
{"timestamp":"2026-09-19T15:29:39.161927Z","level":"info","event":"Pushing xcom","ti":"RuntimeTaskInstance(id=UUID('01a0ba48-fb3c-772d-9da6-f891f4df3b2a'), task_id='extract', dag_id='weather_checher', run_id='manual__2026-09-19T15:29:00.204005+00:00', try_number=1, dag_version_id=UUID('01a0ba45-207b-7c2c-bd9f-658df2c3e114'), map_index=-1, hostname='be7ec7a7f6e0', context_carrier={}, task=<Task(PythonOperator): extract>, bundle_instance=LocalDagBundle(name=dags-folder), max_tries=0, start_date=datetime.datetime(2026, 9, 19, 15, 29, 0, 921292, tzinfo=datetime.timezone.utc), end_date=None, state=<TaskInstanceState.RUNNING: 'running'>, is_mapped=False, rendered_map_index=None)","logger":"task","filename":"task_runner.py","lineno":1352}
