{"timestamp":"2026-09-26T16:06:20.447700Z","level":"info","event":"DAG bundles loaded: dags-folder","logger":"airflow.dag_processing.bundles.manager.DagBundlesManager","filename":"manager.py","lineno":179}
{"timestamp":"2026-09-26T16:06:20.448317Z","level":"info","event":"Filling up the DagBag from /opt/airflow/dags/weather_checher.py","logger":"airflow.models.dagbag.DagBag","filename":"dagbag.py","lineno":593}
{"timestamp":"2026-09-26T16:06:21.424395Z","level":"info","event":"Données récupérées pour Casablanca","logger":"task.stdout"}
{"timestamp":"2026-09-26T16:06:21.840461Z","level":"info","event":"Données récupérées pour Tangier","logger":"task.stdout"}
{"timestamp":"2026-09-26T16:06:22.204366Z","level":"info","event":"Données récupérées pour Fès","logger":"task.stdout"}
{"timestamp":"2026-09-26T16:06:22.656273Z","level":"info","event":"Données récupérées pour Marrakech","logger":"task.stdout"}
{"timestamp":"2026-09-26T16:06:23.094532Z","level":"info","event":"Données récupérées pour Sale","logger":"task.stdout"}
{"timestamp":"2026-09-26T16:06:23.558996Z","level":"info","event":"Données récupérées pour Meknès","logger":"task.stdout"}
{"timestamp":"2026-09-26T16:06:24.009442Z","level":"info","event":"Données récupérées pour Rabat","logger":"task.stdout"}
{"timestamp":"2026-09-26T16:06:24.510445Z","level":"info","event":"Données récupérées pour Agadir","logger":"task.stdout"}
{"timestamp":"2026-09-26T16:06:24.937035Z","level":"info","event":"Données récupérées pour Kenitra","logger":"task.stdout"}
{"timestamp":"2026-09-26T16:06:25.345845Z","level":"info","event":"Données récupérées pour Oujda-Angad","logger":"task.stdout"}
{"timestamp":"2026-09-26T16:06:25.769209Z","level":"info","event":"Données récupérées pour Tétouan","logger":"task.stdout"}
{"timestamp":"2026-09-26T16:06:26.189427Z","level":"info","event":"Données récupérées pour Safi","logger":"task.stdout"}
{"timestamp":"2026-09-26T16:06:26.642877Z","level":"info","event":"Données récupérées pour Taourirt","logger":"task.stdout"}
{"timestamp":"2026-09-26T16:06:27.116988Z","level":"info","event":"Données récupérées pour Temara","logger":"task.stdout"}
{"timestamp":"2026-09-26T16:06:27.511621Z","level":"info","event":"Données récupérées pour Laâyoune","logger":"task.stdout"}
{"timestamp":"2026-09-26T16:06:27.963540Z","level":"info","event":"Données récupérées pour El Jadid","logger":"task.stdout"}
{"timestamp":"2026-09-26T16:06:28.385051Z","level":"info","event":"Données récupérées pour Ait Melloul","logger":"task.stdout"}
{"timestamp":"2026-09-26T16:06:28.821867Z","level":"info","event":"Données récupérées pour Béni Mellal","logger":"task.stdout"}
{"timestamp":"2026-09-26T16:06:29.279896Z","level":"info","event":"Données récupérées pour Bouskoura","logger":"task.stdout"}
{"timestamp":"2026-09-26T16:06:29.709504Z","level":"info","event":"Données récupérées pour Tiznit","logger":"task.stdout"}
{"timestamp":"2026-09-26T16:06:30.148425Z","level":"info","event":"Données récupérées pour Mohammedia","logger":"task.stdout"}
{"timestamp":"2026-09-26T16:06:30.586119Z","level":"info","event":"Données récupérées pour Kouribga","logger":"task.stdout"}
{"timestamp":"2026-09-26T16:06:31.012589Z","level":"info","event":"Données récupérées pour Settat","logger":"task.stdout"}
{"timestamp":"2026-09-26T16:06:31.434657Z","level":"info","event":"Données récupérées pour Barrechid","logger":"task.stdout"}
{"timestamp":"2026-09-26T16:06:31.881913Z","level":"info","event":"Données récupérées pour Ad Dakhla","logger":"task.stdout"}
{"timestamp":"2026-09-26T16:06:32.341762Z","level":"info","event":"Données récupérées pour Nador","logger":"task.stdout"}
{"timestamp":"2026-09-26T16:06:32.778545Z","level":"info","event":"Données récupérées pour Taza","logger":"task.stdout"}
{"timestamp":"2026-09-26T16:06:33.179640Z","level":"info","event":"Données récupérées pour Inezgane","logger":"task.stdout"}
{"timestamp":"2026-09-26T16:06:33.597700Z","level":"info","event":"Données récupérées pour Larache","logger":"task.stdout"}
{"timestamp":"2026-09-26T16:06:34.014212Z","level":"info","event":"Données récupérées pour Al Khmissat","logger":"task.stdout"}
{"timestamp":"2026-09-26T16:06:34.483830Z","level":"info","event":"Données récupérées pour Guelmim","logger":"task.stdout"}
{"timestamp":"2026-09-26T16:06:34.917229Z","level":"info","event":"Données récupérées pour Ksar El Kebir","logger":"task.stdout"}
{"timestamp":"2026-09-26T16:06:35.346043Z","level":"info","event":"Données récupérées pour Khénifra","logger":"task.stdout"}
{"timestamp":"2026-09-26T16:06:35.762136Z","level":"info","event":"Données récupérées pour Skhirate","logger":"task.stdout"}
{"timestamp":"2026-09-26T16:06:36.171020Z","level":"info","event":"Données récupérées pour Beni Yakhlef","logger":"task.stdout"}
{"timestamp":"2026-09-26T16:06:36.597755Z","level":"info","event":"Données récupérées pour Sidi Yahya Zaer","logger":"task.stdout"}
{"timestamp":"2026-09-26T16:06:37.090405Z","level":"info","event":"Données récupérées pour Ben Guerir","logger":"task.stdout"}
{"timestamp":"2026-09-26T16:06:37.554431Z","level":"info","event":"Données récupérées pour Ait Ali","logger":"task.stdout"}
{"timestamp":"2026-09-26T16:06:37.969250Z","level":"info","event":"Données récupérées pour My Drarga","logger":"task.stdout"}
{"timestamp":"2026-09-26T16:06:38.381173Z","level":"info","event":"Données récupérées pour Lqoliaa","logger":"task.stdout"}
{"timestamp":"2026-09-26T16:06:38.834594Z","level":"info","event":"Données récupérées pour El Kelaa des Srarhna","logger":"task.stdout"}
{"timestamp":"2026-09-26T16:06:39.254942Z","level":"info","event":"Données récupérées pour Moulay Abdallah","logger":"task.stdout"}
{"timestamp":"2026-09-26T16:06:39.705748Z","level":"info","event":"Données récupérées pour Tiflet","logger":"task.stdout"}
{"timestamp":"2026-09-26T16:06:40.111069Z","level":"info","event":"Données récupérées pour Oulad Teïma","logger":"task.stdout"}
{"timestamp":"2026-09-26T16:06:40.518097Z","level":"info","event":"Données récupérées pour Berkane","logger":"task.stdout"}
{"timestamp":"2026-09-26T16:06:40.968786Z","level":"info","event":"Données récupérées pour Ain El Aouda","logger":"task.stdout"}
{"timestamp":"2026-09-26T16:06:41.419403Z","level":"info","event":"Données récupérées pour Errachidia","logger":"task.stdout"}
{"timestamp":"2026-09-26T16:06:41.824858Z","level":"info","event":"Données récupérées pour Al Fqih Ben Çalah","logger":"task.stdout"}
{"timestamp":"2026-09-26T16:06:42.203360Z","level":"info","event":"Données récupérées pour Ad Darwa","logger":"task.stdout"}
{"timestamp":"2026-09-26T16:06:42.585725Z","level":"info","event":"Données récupérées pour Martil","logger":"task.stdout"}
{"timestamp":"2026-09-26T16:06:42.924875Z","level":"info","event":"Données récupérées pour Sidi Slimane","logger":"task.stdout"}
{"timestamp":"2026-09-26T16:06:43.291052Z","level":"info","event":"Données récupérées pour Oued Zem","logger":"task.stdout"}
{"timestamp":"2026-09-26T16:06:43.661558Z","level":"info","event":"Données récupérées pour Sefrou","logger":"task.stdout"}
{"timestamp":"2026-09-26T16:06:44.056082Z","level":"info","event":"Données récupérées pour Taroudannt","logger":"task.stdout"}
{"timestamp":"2026-09-26T16:06:44.469058Z","level":"info","event":"Données récupérées pour Essaouira","logger":"task.stdout"}
{"timestamp":"2026-09-26T16:06:45.007168Z","level":"info","event":"Données récupérées pour Azrou","logger":"task.stdout"}
{"timestamp":"2026-09-26T16:06:45.384223Z","level":"info","event":"Données récupérées pour Guercif","logger":"task.stdout"}
{"timestamp":"2026-09-26T16:06:45.777395Z","level":"info","event":"Données récupérées pour Warzat","logger":"task.stdout"}
{"timestamp":"2026-09-26T16:06:46.151801Z","level":"info","event":"Données récupérées pour Fnidq","logger":"task.stdout"}
{"timestamp":"2026-09-26T16:06:46.501293Z","level":"info","event":"Données récupérées pour Tan-Tan","logger":"task.stdout"}
{"timestamp":"2026-09-26T16:06:46.902419Z","level":"info","event":"Données récupérées pour Sidi Qacem","logger":"task.stdout"}
{"timestamp":"2026-09-26T16:06:47.253321Z","level":"info","event":"Données récupérées pour M’diq","logger":"task.stdout"}
{"timestamp":"2026-09-26T16:06:47.616063Z","level":"info","event":"Données récupérées pour Youssoufia","logger":"task.stdout"}
{"timestamp":"2026-09-26T16:06:48.006978Z","level":"info","event":"Données récupérées pour Midalt","logger":"task.stdout"}
{"timestamp":"2026-09-26T16:06:48.392910Z","level":"info","event":"Données récupérées pour Aïn Harrouda","logger":"task.stdout"}
{"timestamp":"2026-09-26T16:06:48.789213Z","level":"info","event":"Données récupérées pour Souq Sebt Oulad Nemma","logger":"task.stdout"}
{"timestamp":"2026-09-26T16:06:49.168252Z","level":"info","event":"Données récupérées pour Mehdya","logger":"task.stdout"}
{"timestamp":"2026-09-26T16:06:49.553244Z","level":"info","event":"Données récupérées pour Ouezzane","logger":"task.stdout"}
{"timestamp":"2026-09-26T16:06:49.926307Z","level":"info","event":"Données récupérées pour Semara","logger":"task.stdout"}
{"timestamp":"2026-09-26T16:06:50.303722Z","level":"info","event":"Données récupérées pour Ait Ourir","logger":"task.stdout"}
{"timestamp":"2026-09-26T16:06:50.676929Z","level":"info","event":"Données récupérées pour Oulad Tayeb","logger":"task.stdout"}
{"timestamp":"2026-09-26T16:06:51.055785Z","level":"info","event":"Données récupérées pour Tit Mellil","logger":"task.stdout"}
{"timestamp":"2026-09-26T16:06:51.425800Z","level":"info","event":"Données récupérées pour Sidi Bennour","logger":"task.stdout"}
{"timestamp":"2026-09-26T16:06:51.798763Z","level":"info","event":"Données récupérées pour Temsia","logger":"task.stdout"}
{"timestamp":"2026-09-26T16:06:52.163087Z","level":"info","event":"Données récupérées pour Biougra","logger":"task.stdout"}
{"timestamp":"2026-09-26T16:06:52.556085Z","level":"info","event":"Données récupérées pour Al Hoceïma","logger":"task.stdout"}
{"timestamp":"2026-09-26T16:06:52.954420Z","level":"info","event":"Données récupérées pour Qasbat Tadla","logger":"task.stdout"}
{"timestamp":"2026-09-26T16:06:53.352900Z","level":"info","event":"Données récupérées pour Aziylal","logger":"task.stdout"}
{"timestamp":"2026-09-26T16:06:53.717587Z","level":"info","event":"Données récupérées pour Boujad","logger":"task.stdout"}
{"timestamp":"2026-09-26T16:06:54.109205Z","level":"info","event":"Données récupérées pour Al Aaroui","logger":"task.stdout"}
{"timestamp":"2026-09-26T16:06:54.572461Z","level":"info","event":"Données récupérées pour Mrirt","logger":"task.stdout"}
{"timestamp":"2026-09-26T16:06:55.085863Z","level":"info","event":"Données récupérées pour Tineghir","logger":"task.stdout"}
{"timestamp":"2026-09-26T16:06:55.470192Z","level":"info","event":"Données récupérées pour Bouknadel","logger":"task.stdout"}
{"timestamp":"2026-09-26T16:06:55.861148Z","level":"info","event":"Données récupérées pour Cabo Bojador","logger":"task.stdout"}
{"timestamp":"2026-09-26T16:06:56.247571Z","level":"info","event":"Données récupérées pour Zagora","logger":"task.stdout"}
{"timestamp":"2026-09-26T16:06:56.644041Z","level":"info","event":"Données récupérées pour Azemmour","logger":"task.stdout"}
{"timestamp":"2026-09-26T16:06:57.015681Z","level":"info","event":"Données récupérées pour El Hajeb","logger":"task.stdout"}
{"timestamp":"2026-09-26T16:06:57.395043Z","level":"info","event":"Données récupérées pour Jerada","logger":"task.stdout"}
{"timestamp":"2026-09-26T16:06:57.764794Z","level":"info","event":"Données récupérées pour El Aïoun","logger":"task.stdout"}
{"timestamp":"2026-09-26T16:06:58.126631Z","level":"info","event":"Données récupérées pour Tameslouht","logger":"task.stdout"}
{"timestamp":"2026-09-26T16:06:58.496247Z","level":"info","event":"Données récupérées pour Sidi Yahia El Gharb","logger":"task.stdout"}
{"timestamp":"2026-09-26T16:06:58.865924Z","level":"info","event":"Données récupérées pour Chichaoua","logger":"task.stdout"}
{"timestamp":"2026-09-26T16:06:59.261875Z","level":"info","event":"Données récupérées pour Al ’Attawia","logger":"task.stdout"}
{"timestamp":"2026-09-26T16:06:59.642973Z","level":"info","event":"Données récupérées pour Tabount","logger":"task.stdout"}
{"timestamp":"2026-09-26T16:07:00.041522Z","level":"info","event":"Données récupérées pour Zaïo","logger":"task.stdout"}
{"timestamp":"2026-09-26T16:07:02.277500Z","level":"info","event":"ERREUR HTTP Aguelmous : 503 Server Error: Service Unavailable for url: https://api.open-meteo.com/v1/forecast?latitude=33.1324&longitude=-5.8366&forecast_days=7&daily=temperature_2m_max%2Ctemperature_2m_min%2Cprecipitation_sum%2Cprecipitation_probability_max%2Cwind_speed_10m_max%2Cwind_gusts_10m_max%2Cweather_code&timezone=Africa%2FCasablanca","logger":"task.stdout"}
{"timestamp":"2026-09-26T16:07:02.640746Z","level":"info","event":"ERREUR HTTP Asilah : 503 Server Error: Service Unavailable for url: https://api.open-meteo.com/v1/forecast?latitude=35.4667&longitude=-6.0333&forecast_days=7&daily=temperature_2m_max%2Ctemperature_2m_min%2Cprecipitation_sum%2Cprecipitation_probability_max%2Cwind_speed_10m_max%2Cwind_gusts_10m_max%2Cweather_code&timezone=Africa%2FCasablanca","logger":"task.stdout"}
{"timestamp":"2026-09-26T16:07:07.012007Z","level":"info","event":"ERREUR HTTP Imzouren : 503 Server Error: Service Unavailable for url: https://api.open-meteo.com/v1/forecast?latitude=35.1464&longitude=-3.8506&forecast_days=7&daily=temperature_2m_max%2Ctemperature_2m_min%2Cprecipitation_sum%2Cprecipitation_probability_max%2Cwind_speed_10m_max%2Cwind_gusts_10m_max%2Cweather_code&timezone=Africa%2FCasablanca","logger":"task.stdout"}
{"timestamp":"2026-09-26T16:07:07.406831Z","level":"info","event":"ERREUR HTTP Mediouna : 503 Server Error: Service Unavailable for url: https://api.open-meteo.com/v1/forecast?latitude=33.4556&longitude=-7.5208&forecast_days=7&daily=temperature_2m_max%2Ctemperature_2m_min%2Cprecipitation_sum%2Cprecipitation_probability_max%2Cwind_speed_10m_max%2Cwind_gusts_10m_max%2Cweather_code&timezone=Africa%2FCasablanca","logger":"task.stdout"}
{"timestamp":"2026-09-26T16:07:07.780390Z","level":"info","event":"ERREUR HTTP Demnat : 503 Server Error: Service Unavailable for url: https://api.open-meteo.com/v1/forecast?latitude=31.7311&longitude=-7.0361&forecast_days=7&daily=temperature_2m_max%2Ctemperature_2m_min%2Cprecipitation_sum%2Cprecipitation_probability_max%2Cwind_speed_10m_max%2Cwind_gusts_10m_max%2Cweather_code&timezone=Africa%2FCasablanca","logger":"task.stdout"}
{"timestamp":"2026-09-26T16:07:08.155698Z","level":"info","event":"ERREUR HTTP Aïn Taoujdat : 503 Server Error: Service Unavailable for url: https://api.open-meteo.com/v1/forecast?latitude=33.9333&longitude=-5.2167&forecast_days=7&daily=temperature_2m_max%2Ctemperature_2m_min%2Cprecipitation_sum%2Cprecipitation_probability_max%2Cwind_speed_10m_max%2Cwind_gusts_10m_max%2Cweather_code&timezone=Africa%2FCasablanca","logger":"task.stdout"}
{"timestamp":"2026-09-26T16:07:08.545068Z","level":"info","event":"ERREUR HTTP Sidi Smai’il : 503 Server Error: Service Unavailable for url: https://api.open-meteo.com/v1/forecast?latitude=32.8167&longitude=-8.5&forecast_days=7&daily=temperature_2m_max%2Ctemperature_2m_min%2Cprecipitation_sum%2Cprecipitation_probability_max%2Cwind_speed_10m_max%2Cwind_gusts_10m_max%2Cweather_code&timezone=Africa%2FCasablanca","logger":"task.stdout"}
{"timestamp":"2026-09-26T16:07:08.899284Z","level":"info","event":"ERREUR HTTP Moulay Bousselham : 503 Server Error: Service Unavailable for url: https://api.open-meteo.com/v1/forecast?latitude=34.8786&longitude=-6.2933&forecast_days=7&daily=temperature_2m_max%2Ctemperature_2m_min%2Cprecipitation_sum%2Cprecipitation_probability_max%2Cwind_speed_10m_max%2Cwind_gusts_10m_max%2Cweather_code&timezone=Africa%2FCasablanca","logger":"task.stdout"}
{"timestamp":"2026-09-26T16:07:10.450524Z","level":"info","event":"Données récupérées pour Mechraa Bel Ksiri","logger":"task.stdout"}
{"timestamp":"2026-09-26T16:07:13.727899Z","level":"info","event":"Données récupérées pour Souk et Tnine Jorf el Mellah","logger":"task.stdout"}
{"timestamp":"2026-09-26T16:07:15.874891Z","level":"info","event":"Données récupérées pour Zeghanghane","logger":"task.stdout"}
{"timestamp":"2026-09-26T16:07:17.090152Z","level":"info","event":"Données récupérées pour Oulad Barhil","logger":"task.stdout"}
{"timestamp":"2026-09-26T16:07:18.261098Z","level":"info","event":"Données récupérées pour Bir Jdid","logger":"task.stdout"}
{"timestamp":"2026-09-26T16:07:19.152219Z","level":"info","event":"Données récupérées pour Bou Arfa","logger":"task.stdout"}
{"timestamp":"2026-09-26T16:07:20.176933Z","level":"info","event":"Données récupérées pour Tahannawt","logger":"task.stdout"}
{"timestamp":"2026-09-26T16:07:24.887180Z","level":"info","event":"Données récupérées pour Arfoud","logger":"task.stdout"}
{"timestamp":"2026-09-26T16:07:25.434206Z","level":"info","event":"Données récupérées pour Tahla","logger":"task.stdout"}
{"timestamp":"2026-09-26T16:07:25.840637Z","level":"info","event":"Données récupérées pour Missour","logger":"task.stdout"}
{"timestamp":"2026-09-26T16:07:26.210789Z","level":"info","event":"Données récupérées pour Sidi Lmokhtar","logger":"task.stdout"}
{"timestamp":"2026-09-26T16:07:26.561199Z","level":"info","event":"Données récupérées pour Douar Toulal","logger":"task.stdout"}
{"timestamp":"2026-09-26T16:07:26.943205Z","level":"info","event":"Données récupérées pour Oulad Yaïch","logger":"task.stdout"}
{"timestamp":"2026-09-26T16:07:27.317857Z","level":"info","event":"Données récupérées pour Zawyat ech Cheïkh","logger":"task.stdout"}
{"timestamp":"2026-09-26T16:07:27.658600Z","level":"info","event":"Données récupérées pour Imi-n-Tanout","logger":"task.stdout"}
{"timestamp":"2026-09-26T16:07:28.036559Z","level":"info","event":"Données récupérées pour Sebt Gzoula","logger":"task.stdout"}
{"timestamp":"2026-09-26T16:07:28.415913Z","level":"info","event":"Données récupérées pour Tifariti","logger":"task.stdout"}
{"timestamp":"2026-09-26T16:07:28.433875Z","level":"error","event":"Task failed with exception","logger":"task","filename":"task_runner.py","lineno":994,"error_detail":[{"exc_type":"PermissionError","exc_value":"[Errno 13] Permission denied: '/opt/airflow/project/data/bronze/meteo_api.json'","exc_notes":[],"syntax_error":null,"is_cause":false,"frames":[{"filename":"/home/airflow/.local/lib/python3.12/site-packages/airflow/sdk/execution_time/task_runner.py","lineno":920,"name":"run"},{"filename":"/home/airflow/.local/lib/python3.12/site-packages/airflow/sdk/execution_time/task_runner.py","lineno":1307,"name":"_execute_task"},{"filename":"/home/airflow/.local/lib/python3.12/site-packages/airflow/sdk/bases/operator.py","lineno":416,"name":"wrapper"},{"filename":"/home/airflow/.local/lib/python3.12/site-packages/airflow/providers/standard/operators/python.py","lineno":216,"name":"execute"},{"filename":"/home/airflow/.local/lib/python3.12/site-packages/airflow/providers/standard/operators/python.py","lineno":239,"name":"execute_callable"},{"filename":"/home/airflow/.local/lib/python3.12/site-packages/airflow/sdk/execution_time/callback_runner.py","lineno":82,"name":"run"},{"filename":"/opt/airflow/project/src/bronze/extract_bronze.py","lineno":104,"name":"extract"},{"filename":"/home/airflow/.local/lib/python3.12/site-packages/pandas/core/generic.py","lineno":2629,"name":"to_json"},{"filename":"/home/airflow/.local/lib/python3.12/site-packages/pandas/io/json/_json.py","lineno":212,"name":"to_json"},{"filename":"/home/airflow/.local/lib/python3.12/site-packages/pandas/io/common.py","lineno":863,"name":"get_handle"}],"is_group":false,"exceptions":[]}]}
