{"timestamp":"2026-09-26T15:43:46.655157Z","level":"info","event":"DAG bundles loaded: dags-folder","logger":"airflow.dag_processing.bundles.manager.DagBundlesManager","filename":"manager.py","lineno":179}
{"timestamp":"2026-09-26T15:43:46.655818Z","level":"info","event":"Filling up the DagBag from /opt/airflow/dags/weather_checher.py","logger":"airflow.models.dagbag.DagBag","filename":"dagbag.py","lineno":593}
{"timestamp":"2026-09-26T15:43:55.009699Z","level":"info","event":"ERREUR REQUÊTE Casablanca : HTTPSConnectionPool(host='api.open-meteo.com', port=443): Max retries exceeded with url: /v1/forecast?latitude=33.5992&longitude=-7.62&forecast_days=7&daily=temperature_2m_max%2Ctemperature_2m_min%2Cprecipitation_sum%2Cprecipitation_probability_max%2Cwind_speed_10m_max%2Cwind_gusts_10m_max%2Cweather_code&timezone=Africa%2FCasablanca (Caused by NameResolutionError(\"<urllib3.connection.HTTPSConnection object at 0x7f4651f4f650>: Failed to resolve 'api.open-meteo.com' ([Errno -3] Temporary failure in name resolution)\"))","logger":"task.stdout"}
{"timestamp":"2026-09-26T15:44:03.016091Z","level":"info","event":"ERREUR REQUÊTE Tangier : HTTPSConnectionPool(host='api.open-meteo.com', port=443): Max retries exceeded with url: /v1/forecast?latitude=35.7767&longitude=-5.8039&forecast_days=7&daily=temperature_2m_max%2Ctemperature_2m_min%2Cprecipitation_sum%2Cprecipitation_probability_max%2Cwind_speed_10m_max%2Cwind_gusts_10m_max%2Cweather_code&timezone=Africa%2FCasablanca (Caused by NameResolutionError(\"<urllib3.connection.HTTPSConnection object at 0x7f465161d550>: Failed to resolve 'api.open-meteo.com' ([Errno -3] Temporary failure in name resolution)\"))","logger":"task.stdout"}
{"timestamp":"2026-09-26T15:44:11.020339Z","level":"info","event":"ERREUR REQUÊTE Fès : HTTPSConnectionPool(host='api.open-meteo.com', port=443): Max retries exceeded with url: /v1/forecast?latitude=34.0433&longitude=-5.0033&forecast_days=7&daily=temperature_2m_max%2Ctemperature_2m_min%2Cprecipitation_sum%2Cprecipitation_probability_max%2Cwind_speed_10m_max%2Cwind_gusts_10m_max%2Cweather_code&timezone=Africa%2FCasablanca (Caused by NameResolutionError(\"<urllib3.connection.HTTPSConnection object at 0x7f465161dd60>: Failed to resolve 'api.open-meteo.com' ([Errno -3] Temporary failure in name resolution)\"))","logger":"task.stdout"}
{"timestamp":"2026-09-26T15:44:19.025298Z","level":"info","event":"ERREUR REQUÊTE Marrakech : HTTPSConnectionPool(host='api.open-meteo.com', port=443): Max retries exceeded with url: /v1/forecast?latitude=31.6295&longitude=-7.9811&forecast_days=7&daily=temperature_2m_max%2Ctemperature_2m_min%2Cprecipitation_sum%2Cprecipitation_probability_max%2Cwind_speed_10m_max%2Cwind_gusts_10m_max%2Cweather_code&timezone=Africa%2FCasablanca (Caused by NameResolutionError(\"<urllib3.connection.HTTPSConnection object at 0x7f465161e480>: Failed to resolve 'api.open-meteo.com' ([Errno -3] Temporary failure in name resolution)\"))","logger":"task.stdout"}
{"timestamp":"2026-09-26T15:44:27.029739Z","level":"info","event":"ERREUR REQUÊTE Sale : HTTPSConnectionPool(host='api.open-meteo.com', port=443): Max retries exceeded with url: /v1/forecast?latitude=34.05&longitude=-6.8167&forecast_days=7&daily=temperature_2m_max%2Ctemperature_2m_min%2Cprecipitation_sum%2Cprecipitation_probability_max%2Cwind_speed_10m_max%2Cwind_gusts_10m_max%2Cweather_code&timezone=Africa%2FCasablanca (Caused by NameResolutionError(\"<urllib3.connection.HTTPSConnection object at 0x7f465161ec30>: Failed to resolve 'api.open-meteo.com' ([Errno -3] Temporary failure in name resolution)\"))","logger":"task.stdout"}
{"timestamp":"2026-09-26T15:44:35.036054Z","level":"info","event":"ERREUR REQUÊTE Meknès : HTTPSConnectionPool(host='api.open-meteo.com', port=443): Max retries exceeded with url: /v1/forecast?latitude=33.8833&longitude=-5.55&forecast_days=7&daily=temperature_2m_max%2Ctemperature_2m_min%2Cprecipitation_sum%2Cprecipitation_probability_max%2Cwind_speed_10m_max%2Cwind_gusts_10m_max%2Cweather_code&timezone=Africa%2FCasablanca (Caused by NameResolutionError(\"<urllib3.connection.HTTPSConnection object at 0x7f465161f320>: Failed to resolve 'api.open-meteo.com' ([Errno -3] Temporary failure in name resolution)\"))","logger":"task.stdout"}
{"timestamp":"2026-09-26T15:44:43.039531Z","level":"info","event":"ERREUR REQUÊTE Rabat : HTTPSConnectionPool(host='api.open-meteo.com', port=443): Max retries exceeded with url: /v1/forecast?latitude=34.0211&longitude=-6.8414&forecast_days=7&daily=temperature_2m_max%2Ctemperature_2m_min%2Cprecipitation_sum%2Cprecipitation_probability_max%2Cwind_speed_10m_max%2Cwind_gusts_10m_max%2Cweather_code&timezone=Africa%2FCasablanca (Caused by NameResolutionError(\"<urllib3.connection.HTTPSConnection object at 0x7f46526a8aa0>: Failed to resolve 'api.open-meteo.com' ([Errno -3] Temporary failure in name resolution)\"))","logger":"task.stdout"}
{"timestamp":"2026-09-26T15:44:51.044676Z","level":"info","event":"ERREUR REQUÊTE Agadir : HTTPSConnectionPool(host='api.open-meteo.com', port=443): Max retries exceeded with url: /v1/forecast?latitude=30.4214&longitude=-9.5831&forecast_days=7&daily=temperature_2m_max%2Ctemperature_2m_min%2Cprecipitation_sum%2Cprecipitation_probability_max%2Cwind_speed_10m_max%2Cwind_gusts_10m_max%2Cweather_code&timezone=Africa%2FCasablanca (Caused by NameResolutionError(\"<urllib3.connection.HTTPSConnection object at 0x7f465161e5a0>: Failed to resolve 'api.open-meteo.com' ([Errno -3] Temporary failure in name resolution)\"))","logger":"task.stdout"}
{"timestamp":"2026-09-26T15:44:59.049796Z","level":"info","event":"ERREUR REQUÊTE Kenitra : HTTPSConnectionPool(host='api.open-meteo.com', port=443): Max retries exceeded with url: /v1/forecast?latitude=34.25&longitude=-6.5833&forecast_days=7&daily=temperature_2m_max%2Ctemperature_2m_min%2Cprecipitation_sum%2Cprecipitation_probability_max%2Cwind_speed_10m_max%2Cwind_gusts_10m_max%2Cweather_code&timezone=Africa%2FCasablanca (Caused by NameResolutionError(\"<urllib3.connection.HTTPSConnection object at 0x7f465161d1c0>: Failed to resolve 'api.open-meteo.com' ([Errno -3] Temporary failure in name resolution)\"))","logger":"task.stdout"}
{"timestamp":"2026-09-26T15:45:07.053984Z","level":"info","event":"ERREUR REQUÊTE Oujda-Angad : HTTPSConnectionPool(host='api.open-meteo.com', port=443): Max retries exceeded with url: /v1/forecast?latitude=34.6867&longitude=-1.9114&forecast_days=7&daily=temperature_2m_max%2Ctemperature_2m_min%2Cprecipitation_sum%2Cprecipitation_probability_max%2Cwind_speed_10m_max%2Cwind_gusts_10m_max%2Cweather_code&timezone=Africa%2FCasablanca (Caused by NameResolutionError(\"<urllib3.connection.HTTPSConnection object at 0x7f465161d280>: Failed to resolve 'api.open-meteo.com' ([Errno -3] Temporary failure in name resolution)\"))","logger":"task.stdout"}
{"timestamp":"2026-09-26T15:45:15.059031Z","level":"info","event":"ERREUR REQUÊTE Tétouan : HTTPSConnectionPool(host='api.open-meteo.com', port=443): Max retries exceeded with url: /v1/forecast?latitude=35.5667&longitude=-5.3667&forecast_days=7&daily=temperature_2m_max%2Ctemperature_2m_min%2Cprecipitation_sum%2Cprecipitation_probability_max%2Cwind_speed_10m_max%2Cwind_gusts_10m_max%2Cweather_code&timezone=Africa%2FCasablanca (Caused by NameResolutionError(\"<urllib3.connection.HTTPSConnection object at 0x7f465161fb90>: Failed to resolve 'api.open-meteo.com' ([Errno -3] Temporary failure in name resolution)\"))","logger":"task.stdout"}
{"timestamp":"2026-09-26T15:45:23.063597Z","level":"info","event":"ERREUR REQUÊTE Safi : HTTPSConnectionPool(host='api.open-meteo.com', port=443): Max retries exceeded with url: /v1/forecast?latitude=32.2833&longitude=-9.2333&forecast_days=7&daily=temperature_2m_max%2Ctemperature_2m_min%2Cprecipitation_sum%2Cprecipitation_probability_max%2Cwind_speed_10m_max%2Cwind_gusts_10m_max%2Cweather_code&timezone=Africa%2FCasablanca (Caused by NameResolutionError(\"<urllib3.connection.HTTPSConnection object at 0x7f4651650410>: Failed to resolve 'api.open-meteo.com' ([Errno -3] Temporary failure in name resolution)\"))","logger":"task.stdout"}
{"timestamp":"2026-09-26T15:45:31.068212Z","level":"info","event":"ERREUR REQUÊTE Taourirt : HTTPSConnectionPool(host='api.open-meteo.com', port=443): Max retries exceeded with url: /v1/forecast?latitude=34.41&longitude=-2.89&forecast_days=7&daily=temperature_2m_max%2Ctemperature_2m_min%2Cprecipitation_sum%2Cprecipitation_probability_max%2Cwind_speed_10m_max%2Cwind_gusts_10m_max%2Cweather_code&timezone=Africa%2FCasablanca (Caused by NameResolutionError(\"<urllib3.connection.HTTPSConnection object at 0x7f465161c050>: Failed to resolve 'api.open-meteo.com' ([Errno -3] Temporary failure in name resolution)\"))","logger":"task.stdout"}
{"timestamp":"2026-09-26T15:45:39.073064Z","level":"info","event":"ERREUR REQUÊTE Temara : HTTPSConnectionPool(host='api.open-meteo.com', port=443): Max retries exceeded with url: /v1/forecast?latitude=33.9234&longitude=-6.9076&forecast_days=7&daily=temperature_2m_max%2Ctemperature_2m_min%2Cprecipitation_sum%2Cprecipitation_probability_max%2Cwind_speed_10m_max%2Cwind_gusts_10m_max%2Cweather_code&timezone=Africa%2FCasablanca (Caused by NameResolutionError(\"<urllib3.connection.HTTPSConnection object at 0x7f465161da00>: Failed to resolve 'api.open-meteo.com' ([Errno -3] Temporary failure in name resolution)\"))","logger":"task.stdout"}
{"timestamp":"2026-09-26T15:45:47.076963Z","level":"info","event":"ERREUR REQUÊTE Laâyoune : HTTPSConnectionPool(host='api.open-meteo.com', port=443): Max retries exceeded with url: /v1/forecast?latitude=27.15&longitude=-13.2&forecast_days=7&daily=temperature_2m_max%2Ctemperature_2m_min%2Cprecipitation_sum%2Cprecipitation_probability_max%2Cwind_speed_10m_max%2Cwind_gusts_10m_max%2Cweather_code&timezone=Africa%2FCasablanca (Caused by NameResolutionError(\"<urllib3.connection.HTTPSConnection object at 0x7f465161e1e0>: Failed to resolve 'api.open-meteo.com' ([Errno -3] Temporary failure in name resolution)\"))","logger":"task.stdout"}
{"timestamp":"2026-09-26T15:45:55.081135Z","level":"info","event":"ERREUR REQUÊTE El Jadid : HTTPSConnectionPool(host='api.open-meteo.com', port=443): Max retries exceeded with url: /v1/forecast?latitude=33.2566&longitude=-8.5025&forecast_days=7&daily=temperature_2m_max%2Ctemperature_2m_min%2Cprecipitation_sum%2Cprecipitation_probability_max%2Cwind_speed_10m_max%2Cwind_gusts_10m_max%2Cweather_code&timezone=Africa%2FCasablanca (Caused by NameResolutionError(\"<urllib3.connection.HTTPSConnection object at 0x7f465161eb70>: Failed to resolve 'api.open-meteo.com' ([Errno -3] Temporary failure in name resolution)\"))","logger":"task.stdout"}
{"timestamp":"2026-09-26T15:46:03.085688Z","level":"info","event":"ERREUR REQUÊTE Ait Melloul : HTTPSConnectionPool(host='api.open-meteo.com', port=443): Max retries exceeded with url: /v1/forecast?latitude=30.3342&longitude=-9.4972&forecast_days=7&daily=temperature_2m_max%2Ctemperature_2m_min%2Cprecipitation_sum%2Cprecipitation_probability_max%2Cwind_speed_10m_max%2Cwind_gusts_10m_max%2Cweather_code&timezone=Africa%2FCasablanca (Caused by NameResolutionError(\"<urllib3.connection.HTTPSConnection object at 0x7f46688d8350>: Failed to resolve 'api.open-meteo.com' ([Errno -3] Temporary failure in name resolution)\"))","logger":"task.stdout"}
{"timestamp":"2026-09-26T15:46:11.089467Z","level":"info","event":"ERREUR REQUÊTE Béni Mellal : HTTPSConnectionPool(host='api.open-meteo.com', port=443): Max retries exceeded with url: /v1/forecast?latitude=32.3394&longitude=-6.3608&forecast_days=7&daily=temperature_2m_max%2Ctemperature_2m_min%2Cprecipitation_sum%2Cprecipitation_probability_max%2Cwind_speed_10m_max%2Cwind_gusts_10m_max%2Cweather_code&timezone=Africa%2FCasablanca (Caused by NameResolutionError(\"<urllib3.connection.HTTPSConnection object at 0x7f4651650920>: Failed to resolve 'api.open-meteo.com' ([Errno -3] Temporary failure in name resolution)\"))","logger":"task.stdout"}
{"timestamp":"2026-09-26T15:46:19.096274Z","level":"info","event":"ERREUR REQUÊTE Bouskoura : HTTPSConnectionPool(host='api.open-meteo.com', port=443): Max retries exceeded with url: /v1/forecast?latitude=33.4489&longitude=-7.6486&forecast_days=7&daily=temperature_2m_max%2Ctemperature_2m_min%2Cprecipitation_sum%2Cprecipitation_probability_max%2Cwind_speed_10m_max%2Cwind_gusts_10m_max%2Cweather_code&timezone=Africa%2FCasablanca (Caused by NameResolutionError(\"<urllib3.connection.HTTPSConnection object at 0x7f46688d1c70>: Failed to resolve 'api.open-meteo.com' ([Errno -3] Temporary failure in name resolution)\"))","logger":"task.stdout"}
{"timestamp":"2026-09-26T15:46:27.100499Z","level":"info","event":"ERREUR REQUÊTE Tiznit : HTTPSConnectionPool(host='api.open-meteo.com', port=443): Max retries exceeded with url: /v1/forecast?latitude=29.7&longitude=-9.7269&forecast_days=7&daily=temperature_2m_max%2Ctemperature_2m_min%2Cprecipitation_sum%2Cprecipitation_probability_max%2Cwind_speed_10m_max%2Cwind_gusts_10m_max%2Cweather_code&timezone=Africa%2FCasablanca (Caused by NameResolutionError(\"<urllib3.connection.HTTPSConnection object at 0x7f465161ec30>: Failed to resolve 'api.open-meteo.com' ([Errno -3] Temporary failure in name resolution)\"))","logger":"task.stdout"}
{"timestamp":"2026-09-26T15:46:35.105534Z","level":"info","event":"ERREUR REQUÊTE Mohammedia : HTTPSConnectionPool(host='api.open-meteo.com', port=443): Max retries exceeded with url: /v1/forecast?latitude=33.6833&longitude=-7.3833&forecast_days=7&daily=temperature_2m_max%2Ctemperature_2m_min%2Cprecipitation_sum%2Cprecipitation_probability_max%2Cwind_speed_10m_max%2Cwind_gusts_10m_max%2Cweather_code&timezone=Africa%2FCasablanca (Caused by NameResolutionError(\"<urllib3.connection.HTTPSConnection object at 0x7f465161e0c0>: Failed to resolve 'api.open-meteo.com' ([Errno -3] Temporary failure in name resolution)\"))","logger":"task.stdout"}
{"timestamp":"2026-09-26T15:46:40.122526Z","level":"error","event":"Server indicated the task shouldn't be running anymore. Terminating process","detail":{"detail":{"reason":"not_found","message":"Task Instance not found"}},"logger":"task"}
{"timestamp":"2026-09-26T15:46:43.110859Z","level":"info","event":"ERREUR REQUÊTE Kouribga : HTTPSConnectionPool(host='api.open-meteo.com', port=443): Max retries exceeded with url: /v1/forecast?latitude=32.88&longitude=-6.9&forecast_days=7&daily=temperature_2m_max%2Ctemperature_2m_min%2Cprecipitation_sum%2Cprecipitation_probability_max%2Cwind_speed_10m_max%2Cwind_gusts_10m_max%2Cweather_code&timezone=Africa%2FCasablanca (Caused by NameResolutionError(\"<urllib3.connection.HTTPSConnection object at 0x7f465161f5c0>: Failed to resolve 'api.open-meteo.com' ([Errno -3] Temporary failure in name resolution)\"))","logger":"task.stdout"}
{"timestamp":"2026-09-26T15:46:45.136108Z","level":"error","event":"Task killed!","logger":"task"}
{"timestamp":"2026-09-26T15:51:58.785889Z","level":"info","event":"DAG bundles loaded: dags-folder","logger":"airflow.dag_processing.bundles.manager.DagBundlesManager","filename":"manager.py","lineno":179}
{"timestamp":"2026-09-26T15:51:58.786520Z","level":"info","event":"Filling up the DagBag from /opt/airflow/dags/weather_checher.py","logger":"airflow.models.dagbag.DagBag","filename":"dagbag.py","lineno":593}
{"timestamp":"2026-09-26T15:51:59.604494Z","level":"info","event":"Données récupérées pour Casablanca","logger":"task.stdout"}
{"timestamp":"2026-09-26T15:52:00.119694Z","level":"info","event":"Données récupérées pour Tangier","logger":"task.stdout"}
{"timestamp":"2026-09-26T15:52:00.613702Z","level":"info","event":"Données récupérées pour Fès","logger":"task.stdout"}
{"timestamp":"2026-09-26T15:52:00.998543Z","level":"info","event":"Données récupérées pour Marrakech","logger":"task.stdout"}
{"timestamp":"2026-09-26T15:52:01.429328Z","level":"info","event":"Données récupérées pour Sale","logger":"task.stdout"}
{"timestamp":"2026-09-26T15:52:01.821150Z","level":"info","event":"Données récupérées pour Meknès","logger":"task.stdout"}
{"timestamp":"2026-09-26T15:52:02.240285Z","level":"info","event":"Données récupérées pour Rabat","logger":"task.stdout"}
{"timestamp":"2026-09-26T15:52:02.646668Z","level":"info","event":"Données récupérées pour Agadir","logger":"task.stdout"}
{"timestamp":"2026-09-26T15:52:03.041877Z","level":"info","event":"Données récupérées pour Kenitra","logger":"task.stdout"}
{"timestamp":"2026-09-26T15:52:03.434067Z","level":"info","event":"Données récupérées pour Oujda-Angad","logger":"task.stdout"}
{"timestamp":"2026-09-26T15:52:03.852734Z","level":"info","event":"Données récupérées pour Tétouan","logger":"task.stdout"}
{"timestamp":"2026-09-26T15:52:04.269543Z","level":"info","event":"Données récupérées pour Safi","logger":"task.stdout"}
{"timestamp":"2026-09-26T15:52:04.700158Z","level":"info","event":"Données récupérées pour Taourirt","logger":"task.stdout"}
{"timestamp":"2026-09-26T15:52:05.104601Z","level":"info","event":"Données récupérées pour Temara","logger":"task.stdout"}
{"timestamp":"2026-09-26T15:52:05.511626Z","level":"info","event":"Données récupérées pour Laâyoune","logger":"task.stdout"}
{"timestamp":"2026-09-26T15:52:05.916191Z","level":"info","event":"Données récupérées pour El Jadid","logger":"task.stdout"}
{"timestamp":"2026-09-26T15:52:06.336904Z","level":"info","event":"Données récupérées pour Ait Melloul","logger":"task.stdout"}
{"timestamp":"2026-09-26T15:52:06.763896Z","level":"info","event":"Données récupérées pour Béni Mellal","logger":"task.stdout"}
{"timestamp":"2026-09-26T15:52:07.274356Z","level":"info","event":"Données récupérées pour Bouskoura","logger":"task.stdout"}
{"timestamp":"2026-09-26T15:52:07.791218Z","level":"info","event":"Données récupérées pour Tiznit","logger":"task.stdout"}
{"timestamp":"2026-09-26T15:52:08.219733Z","level":"info","event":"Données récupérées pour Mohammedia","logger":"task.stdout"}
{"timestamp":"2026-09-26T15:52:08.614696Z","level":"info","event":"Données récupérées pour Kouribga","logger":"task.stdout"}
{"timestamp":"2026-09-26T15:52:09.011216Z","level":"info","event":"Données récupérées pour Settat","logger":"task.stdout"}
{"timestamp":"2026-09-26T15:52:09.420037Z","level":"info","event":"Données récupérées pour Barrechid","logger":"task.stdout"}
{"timestamp":"2026-09-26T15:52:09.847227Z","level":"info","event":"Données récupérées pour Ad Dakhla","logger":"task.stdout"}
{"timestamp":"2026-09-26T15:52:10.252291Z","level":"info","event":"Données récupérées pour Nador","logger":"task.stdout"}
{"timestamp":"2026-09-26T15:52:10.670579Z","level":"info","event":"Données récupérées pour Taza","logger":"task.stdout"}
{"timestamp":"2026-09-26T15:52:11.072914Z","level":"info","event":"Données récupérées pour Inezgane","logger":"task.stdout"}
{"timestamp":"2026-09-26T15:52:11.485366Z","level":"info","event":"Données récupérées pour Larache","logger":"task.stdout"}
{"timestamp":"2026-09-26T15:52:11.884486Z","level":"info","event":"Données récupérées pour Al Khmissat","logger":"task.stdout"}
{"timestamp":"2026-09-26T15:52:12.316283Z","level":"info","event":"Données récupérées pour Guelmim","logger":"task.stdout"}
{"timestamp":"2026-09-26T15:52:12.712585Z","level":"info","event":"Données récupérées pour Ksar El Kebir","logger":"task.stdout"}
{"timestamp":"2026-09-26T15:52:13.126133Z","level":"info","event":"Données récupérées pour Khénifra","logger":"task.stdout"}
{"timestamp":"2026-09-26T15:52:13.538389Z","level":"info","event":"Données récupérées pour Skhirate","logger":"task.stdout"}
{"timestamp":"2026-09-26T15:52:13.947381Z","level":"info","event":"Données récupérées pour Beni Yakhlef","logger":"task.stdout"}
{"timestamp":"2026-09-26T15:52:14.373757Z","level":"info","event":"Données récupérées pour Sidi Yahya Zaer","logger":"task.stdout"}
{"timestamp":"2026-09-26T15:52:14.795198Z","level":"info","event":"Données récupérées pour Ben Guerir","logger":"task.stdout"}
{"timestamp":"2026-09-26T15:52:15.192033Z","level":"info","event":"Données récupérées pour Ait Ali","logger":"task.stdout"}
{"timestamp":"2026-09-26T15:52:15.606044Z","level":"info","event":"Données récupérées pour My Drarga","logger":"task.stdout"}
{"timestamp":"2026-09-26T15:52:16.092502Z","level":"info","event":"Données récupérées pour Lqoliaa","logger":"task.stdout"}
{"timestamp":"2026-09-26T15:52:16.573969Z","level":"info","event":"Données récupérées pour El Kelaa des Srarhna","logger":"task.stdout"}
{"timestamp":"2026-09-26T15:52:16.997487Z","level":"info","event":"Données récupérées pour Moulay Abdallah","logger":"task.stdout"}
{"timestamp":"2026-09-26T15:52:17.424454Z","level":"info","event":"Données récupérées pour Tiflet","logger":"task.stdout"}
{"timestamp":"2026-09-26T15:52:17.852030Z","level":"info","event":"Données récupérées pour Oulad Teïma","logger":"task.stdout"}
{"timestamp":"2026-09-26T15:52:18.297582Z","level":"info","event":"Données récupérées pour Berkane","logger":"task.stdout"}
{"timestamp":"2026-09-26T15:52:18.717495Z","level":"info","event":"Données récupérées pour Ain El Aouda","logger":"task.stdout"}
{"timestamp":"2026-09-26T15:52:19.122298Z","level":"info","event":"Données récupérées pour Errachidia","logger":"task.stdout"}
{"timestamp":"2026-09-26T15:52:19.557923Z","level":"info","event":"Données récupérées pour Al Fqih Ben Çalah","logger":"task.stdout"}
{"timestamp":"2026-09-26T15:52:19.962612Z","level":"info","event":"Données récupérées pour Ad Darwa","logger":"task.stdout"}
{"timestamp":"2026-09-26T15:52:20.383088Z","level":"info","event":"Données récupérées pour Martil","logger":"task.stdout"}
{"timestamp":"2026-09-26T15:52:20.803156Z","level":"info","event":"Données récupérées pour Sidi Slimane","logger":"task.stdout"}
{"timestamp":"2026-09-26T15:52:21.208577Z","level":"info","event":"Données récupérées pour Oued Zem","logger":"task.stdout"}
{"timestamp":"2026-09-26T15:52:21.631483Z","level":"info","event":"Données récupérées pour Sefrou","logger":"task.stdout"}
{"timestamp":"2026-09-26T15:52:22.051522Z","level":"info","event":"Données récupérées pour Taroudannt","logger":"task.stdout"}
{"timestamp":"2026-09-26T15:52:22.469974Z","level":"info","event":"Données récupérées pour Essaouira","logger":"task.stdout"}
{"timestamp":"2026-09-26T15:52:22.866155Z","level":"info","event":"Données récupérées pour Azrou","logger":"task.stdout"}
{"timestamp":"2026-09-26T15:52:23.287020Z","level":"info","event":"Données récupérées pour Guercif","logger":"task.stdout"}
{"timestamp":"2026-09-26T15:52:23.681511Z","level":"info","event":"Données récupérées pour Warzat","logger":"task.stdout"}
{"timestamp":"2026-09-26T15:52:24.086405Z","level":"info","event":"Données récupérées pour Fnidq","logger":"task.stdout"}
{"timestamp":"2026-09-26T15:52:24.514546Z","level":"info","event":"Données récupérées pour Tan-Tan","logger":"task.stdout"}
{"timestamp":"2026-09-26T15:52:24.986179Z","level":"info","event":"Données récupérées pour Sidi Qacem","logger":"task.stdout"}
{"timestamp":"2026-09-26T15:52:25.494090Z","level":"info","event":"Données récupérées pour M’diq","logger":"task.stdout"}
{"timestamp":"2026-09-26T15:52:25.911991Z","level":"info","event":"Données récupérées pour Youssoufia","logger":"task.stdout"}
{"timestamp":"2026-09-26T15:52:26.327759Z","level":"info","event":"Données récupérées pour Midalt","logger":"task.stdout"}
{"timestamp":"2026-09-26T15:52:26.823796Z","level":"info","event":"Données récupérées pour Aïn Harrouda","logger":"task.stdout"}
{"timestamp":"2026-09-26T15:52:27.442925Z","level":"info","event":"Données récupérées pour Souq Sebt Oulad Nemma","logger":"task.stdout"}
{"timestamp":"2026-09-26T15:52:27.880857Z","level":"info","event":"Données récupérées pour Mehdya","logger":"task.stdout"}
{"timestamp":"2026-09-26T15:52:28.325807Z","level":"info","event":"Données récupérées pour Ouezzane","logger":"task.stdout"}
{"timestamp":"2026-09-26T15:52:28.733543Z","level":"info","event":"Données récupérées pour Semara","logger":"task.stdout"}
{"timestamp":"2026-09-26T15:52:29.139299Z","level":"info","event":"Données récupérées pour Ait Ourir","logger":"task.stdout"}
{"timestamp":"2026-09-26T15:52:29.546612Z","level":"info","event":"Données récupérées pour Oulad Tayeb","logger":"task.stdout"}
{"timestamp":"2026-09-26T15:52:29.949482Z","level":"info","event":"Données récupérées pour Tit Mellil","logger":"task.stdout"}
{"timestamp":"2026-09-26T15:52:30.356242Z","level":"info","event":"Données récupérées pour Sidi Bennour","logger":"task.stdout"}
{"timestamp":"2026-09-26T15:52:30.835560Z","level":"info","event":"Données récupérées pour Temsia","logger":"task.stdout"}
{"timestamp":"2026-09-26T15:52:31.263492Z","level":"info","event":"Données récupérées pour Biougra","logger":"task.stdout"}
{"timestamp":"2026-09-26T15:52:31.658959Z","level":"info","event":"Données récupérées pour Al Hoceïma","logger":"task.stdout"}
{"timestamp":"2026-09-26T15:52:32.250690Z","level":"info","event":"Données récupérées pour Qasbat Tadla","logger":"task.stdout"}
{"timestamp":"2026-09-26T15:52:32.674554Z","level":"info","event":"Données récupérées pour Aziylal","logger":"task.stdout"}
{"timestamp":"2026-09-26T15:52:33.091484Z","level":"info","event":"Données récupérées pour Boujad","logger":"task.stdout"}
{"timestamp":"2026-09-26T15:52:33.511509Z","level":"info","event":"Données récupérées pour Al Aaroui","logger":"task.stdout"}
{"timestamp":"2026-09-26T15:52:33.928434Z","level":"info","event":"Données récupérées pour Mrirt","logger":"task.stdout"}
{"timestamp":"2026-09-26T15:52:34.418858Z","level":"info","event":"Données récupérées pour Tineghir","logger":"task.stdout"}
{"timestamp":"2026-09-26T15:52:34.848323Z","level":"info","event":"Données récupérées pour Bouknadel","logger":"task.stdout"}
{"timestamp":"2026-09-26T15:52:35.270859Z","level":"info","event":"Données récupérées pour Cabo Bojador","logger":"task.stdout"}
{"timestamp":"2026-09-26T15:52:35.694640Z","level":"info","event":"Données récupérées pour Zagora","logger":"task.stdout"}
{"timestamp":"2026-09-26T15:52:36.101831Z","level":"info","event":"Données récupérées pour Azemmour","logger":"task.stdout"}
{"timestamp":"2026-09-26T15:52:36.512694Z","level":"info","event":"Données récupérées pour El Hajeb","logger":"task.stdout"}
{"timestamp":"2026-09-26T15:52:36.910967Z","level":"info","event":"Données récupérées pour Jerada","logger":"task.stdout"}
{"timestamp":"2026-09-26T15:52:37.309134Z","level":"info","event":"Données récupérées pour El Aïoun","logger":"task.stdout"}
{"timestamp":"2026-09-26T15:52:37.711536Z","level":"info","event":"Données récupérées pour Tameslouht","logger":"task.stdout"}
{"timestamp":"2026-09-26T15:52:38.114090Z","level":"info","event":"Données récupérées pour Sidi Yahia El Gharb","logger":"task.stdout"}
{"timestamp":"2026-09-26T15:52:38.520583Z","level":"info","event":"Données récupérées pour Chichaoua","logger":"task.stdout"}
{"timestamp":"2026-09-26T15:52:38.939365Z","level":"info","event":"Données récupérées pour Al ’Attawia","logger":"task.stdout"}
{"timestamp":"2026-09-26T15:52:39.348555Z","level":"info","event":"Données récupérées pour Tabount","logger":"task.stdout"}
{"timestamp":"2026-09-26T15:52:39.799953Z","level":"info","event":"Données récupérées pour Zaïo","logger":"task.stdout"}
{"timestamp":"2026-09-26T15:52:40.224461Z","level":"info","event":"Données récupérées pour Aguelmous","logger":"task.stdout"}
{"timestamp":"2026-09-26T15:52:40.653964Z","level":"info","event":"Données récupérées pour Asilah","logger":"task.stdout"}
{"timestamp":"2026-09-26T15:52:41.057137Z","level":"info","event":"Données récupérées pour Imzouren","logger":"task.stdout"}
{"timestamp":"2026-09-26T15:52:41.461223Z","level":"info","event":"Données récupérées pour Mediouna","logger":"task.stdout"}
{"timestamp":"2026-09-26T15:52:41.862404Z","level":"info","event":"Données récupérées pour Demnat","logger":"task.stdout"}
{"timestamp":"2026-09-26T15:52:42.303193Z","level":"info","event":"Données récupérées pour Aïn Taoujdat","logger":"task.stdout"}
{"timestamp":"2026-09-26T15:52:42.826574Z","level":"info","event":"Données récupérées pour Sidi Smai’il","logger":"task.stdout"}
{"timestamp":"2026-09-26T15:52:43.332816Z","level":"info","event":"Données récupérées pour Moulay Bousselham","logger":"task.stdout"}
{"timestamp":"2026-09-26T15:52:43.723320Z","level":"info","event":"Données récupérées pour Mechraa Bel Ksiri","logger":"task.stdout"}
{"timestamp":"2026-09-26T15:52:44.154396Z","level":"info","event":"Données récupérées pour Souk et Tnine Jorf el Mellah","logger":"task.stdout"}
{"timestamp":"2026-09-26T15:52:44.566984Z","level":"info","event":"Données récupérées pour Zeghanghane","logger":"task.stdout"}
{"timestamp":"2026-09-26T15:52:44.981097Z","level":"info","event":"Données récupérées pour Oulad Barhil","logger":"task.stdout"}
{"timestamp":"2026-09-26T15:52:45.564874Z","level":"info","event":"Données récupérées pour Bir Jdid","logger":"task.stdout"}
{"timestamp":"2026-09-26T15:52:46.201317Z","level":"info","event":"Données récupérées pour Bou Arfa","logger":"task.stdout"}
{"timestamp":"2026-09-26T15:52:46.632384Z","level":"info","event":"Données récupérées pour Tahannawt","logger":"task.stdout"}
{"timestamp":"2026-09-26T15:52:47.129499Z","level":"info","event":"Données récupérées pour Arfoud","logger":"task.stdout"}
{"timestamp":"2026-09-26T15:52:57.273651Z","level":"info","event":"TIMEOUT : Tahla","logger":"task.stdout"}
{"timestamp":"2026-09-26T15:52:57.688960Z","level":"info","event":"Données récupérées pour Missour","logger":"task.stdout"}
{"timestamp":"2026-09-26T15:52:58.124052Z","level":"info","event":"Données récupérées pour Sidi Lmokhtar","logger":"task.stdout"}
{"timestamp":"2026-09-26T15:52:58.538025Z","level":"info","event":"Données récupérées pour Douar Toulal","logger":"task.stdout"}
{"timestamp":"2026-09-26T15:52:58.952028Z","level":"info","event":"Données récupérées pour Oulad Yaïch","logger":"task.stdout"}
{"timestamp":"2026-09-26T15:52:59.379067Z","level":"info","event":"Données récupérées pour Zawyat ech Cheïkh","logger":"task.stdout"}
{"timestamp":"2026-09-26T15:52:59.890588Z","level":"info","event":"Données récupérées pour Imi-n-Tanout","logger":"task.stdout"}
{"timestamp":"2026-09-26T15:53:00.397926Z","level":"info","event":"Données récupérées pour Sebt Gzoula","logger":"task.stdout"}
{"timestamp":"2026-09-26T15:53:00.829217Z","level":"info","event":"Données récupérées pour Tifariti","logger":"task.stdout"}
{"timestamp":"2026-09-26T15:53:00.839866Z","level":"error","event":"Task failed with exception","logger":"task","filename":"task_runner.py","lineno":994,"error_detail":[{"exc_type":"PermissionError","exc_value":"[Errno 13] Permission denied: '/opt/airflow/project/data/bronze/meteo_api.json'","exc_notes":[],"syntax_error":null,"is_cause":false,"frames":[{"filename":"/home/airflow/.local/lib/python3.12/site-packages/airflow/sdk/execution_time/task_runner.py","lineno":920,"name":"run"},{"filename":"/home/airflow/.local/lib/python3.12/site-packages/airflow/sdk/execution_time/task_runner.py","lineno":1307,"name":"_execute_task"},{"filename":"/home/airflow/.local/lib/python3.12/site-packages/airflow/sdk/bases/operator.py","lineno":416,"name":"wrapper"},{"filename":"/home/airflow/.local/lib/python3.12/site-packages/airflow/providers/standard/operators/python.py","lineno":216,"name":"execute"},{"filename":"/home/airflow/.local/lib/python3.12/site-packages/airflow/providers/standard/operators/python.py","lineno":239,"name":"execute_callable"},{"filename":"/home/airflow/.local/lib/python3.12/site-packages/airflow/sdk/execution_time/callback_runner.py","lineno":82,"name":"run"},{"filename":"/opt/airflow/project/src/bronze/extract_bronze.py","lineno":104,"name":"extract"},{"filename":"/home/airflow/.local/lib/python3.12/site-packages/pandas/core/generic.py","lineno":2629,"name":"to_json"},{"filename":"/home/airflow/.local/lib/python3.12/site-packages/pandas/io/json/_json.py","lineno":212,"name":"to_json"},{"filename":"/home/airflow/.local/lib/python3.12/site-packages/pandas/io/common.py","lineno":863,"name":"get_handle"}],"is_group":false,"exceptions":[]}]}
{"timestamp":"2026-09-26T16:06:20.453874Z","level":"info","event":"DAG bundles loaded: dags-folder","logger":"airflow.dag_processing.bundles.manager.DagBundlesManager","filename":"manager.py","lineno":179}
{"timestamp":"2026-09-26T16:06:20.454438Z","level":"info","event":"Filling up the DagBag from /opt/airflow/dags/weather_checher.py","logger":"airflow.models.dagbag.DagBag","filename":"dagbag.py","lineno":593}
{"timestamp":"2026-09-26T16:06:21.429627Z","level":"info","event":"Données récupérées pour Casablanca","logger":"task.stdout"}
{"timestamp":"2026-09-26T16:06:21.789355Z","level":"info","event":"Données récupérées pour Tangier","logger":"task.stdout"}
{"timestamp":"2026-09-26T16:06:22.217616Z","level":"info","event":"Données récupérées pour Fès","logger":"task.stdout"}
{"timestamp":"2026-09-26T16:06:22.654621Z","level":"info","event":"Données récupérées pour Marrakech","logger":"task.stdout"}
{"timestamp":"2026-09-26T16:06:23.109006Z","level":"info","event":"Données récupérées pour Sale","logger":"task.stdout"}
{"timestamp":"2026-09-26T16:06:23.571055Z","level":"info","event":"Données récupérées pour Meknès","logger":"task.stdout"}
{"timestamp":"2026-09-26T16:06:24.012265Z","level":"info","event":"Données récupérées pour Rabat","logger":"task.stdout"}
{"timestamp":"2026-09-26T16:06:24.480635Z","level":"info","event":"Données récupérées pour Agadir","logger":"task.stdout"}
{"timestamp":"2026-09-26T16:06:24.895646Z","level":"info","event":"Données récupérées pour Kenitra","logger":"task.stdout"}
{"timestamp":"2026-09-26T16:06:25.323176Z","level":"info","event":"Données récupérées pour Oujda-Angad","logger":"task.stdout"}
{"timestamp":"2026-09-26T16:06:25.764634Z","level":"info","event":"Données récupérées pour Tétouan","logger":"task.stdout"}
{"timestamp":"2026-09-26T16:06:26.188727Z","level":"info","event":"Données récupérées pour Safi","logger":"task.stdout"}
{"timestamp":"2026-09-26T16:06:26.651049Z","level":"info","event":"Données récupérées pour Taourirt","logger":"task.stdout"}
{"timestamp":"2026-09-26T16:06:27.086332Z","level":"info","event":"Données récupérées pour Temara","logger":"task.stdout"}
{"timestamp":"2026-09-26T16:06:27.534513Z","level":"info","event":"Données récupérées pour Laâyoune","logger":"task.stdout"}
{"timestamp":"2026-09-26T16:06:27.988495Z","level":"info","event":"Données récupérées pour El Jadid","logger":"task.stdout"}
{"timestamp":"2026-09-26T16:06:28.427249Z","level":"info","event":"Données récupérées pour Ait Melloul","logger":"task.stdout"}
{"timestamp":"2026-09-26T16:06:28.836739Z","level":"info","event":"Données récupérées pour Béni Mellal","logger":"task.stdout"}
{"timestamp":"2026-09-26T16:06:29.266536Z","level":"info","event":"Données récupérées pour Bouskoura","logger":"task.stdout"}
{"timestamp":"2026-09-26T16:06:29.681007Z","level":"info","event":"Données récupérées pour Tiznit","logger":"task.stdout"}
{"timestamp":"2026-09-26T16:06:30.118709Z","level":"info","event":"Données récupérées pour Mohammedia","logger":"task.stdout"}
{"timestamp":"2026-09-26T16:06:30.547584Z","level":"info","event":"Données récupérées pour Kouribga","logger":"task.stdout"}
{"timestamp":"2026-09-26T16:06:30.940835Z","level":"info","event":"Données récupérées pour Settat","logger":"task.stdout"}
{"timestamp":"2026-09-26T16:06:31.377891Z","level":"info","event":"Données récupérées pour Barrechid","logger":"task.stdout"}
{"timestamp":"2026-09-26T16:06:31.790578Z","level":"info","event":"Données récupérées pour Ad Dakhla","logger":"task.stdout"}
{"timestamp":"2026-09-26T16:06:32.218352Z","level":"info","event":"Données récupérées pour Nador","logger":"task.stdout"}
{"timestamp":"2026-09-26T16:06:32.667823Z","level":"info","event":"Données récupérées pour Taza","logger":"task.stdout"}
{"timestamp":"2026-09-26T16:06:33.102703Z","level":"info","event":"Données récupérées pour Inezgane","logger":"task.stdout"}
{"timestamp":"2026-09-26T16:06:33.528999Z","level":"info","event":"Données récupérées pour Larache","logger":"task.stdout"}
{"timestamp":"2026-09-26T16:06:33.948727Z","level":"info","event":"Données récupérées pour Al Khmissat","logger":"task.stdout"}
{"timestamp":"2026-09-26T16:06:34.389809Z","level":"info","event":"Données récupérées pour Guelmim","logger":"task.stdout"}
{"timestamp":"2026-09-26T16:06:34.826801Z","level":"info","event":"Données récupérées pour Ksar El Kebir","logger":"task.stdout"}
{"timestamp":"2026-09-26T16:06:35.247151Z","level":"info","event":"Données récupérées pour Khénifra","logger":"task.stdout"}
{"timestamp":"2026-09-26T16:06:35.633600Z","level":"info","event":"Données récupérées pour Skhirate","logger":"task.stdout"}
{"timestamp":"2026-09-26T16:06:36.028831Z","level":"info","event":"Données récupérées pour Beni Yakhlef","logger":"task.stdout"}
{"timestamp":"2026-09-26T16:06:36.455007Z","level":"info","event":"Données récupérées pour Sidi Yahya Zaer","logger":"task.stdout"}
{"timestamp":"2026-09-26T16:06:36.942513Z","level":"info","event":"Données récupérées pour Ben Guerir","logger":"task.stdout"}
{"timestamp":"2026-09-26T16:06:37.327969Z","level":"info","event":"Données récupérées pour Ait Ali","logger":"task.stdout"}
{"timestamp":"2026-09-26T16:06:37.777092Z","level":"info","event":"Données récupérées pour My Drarga","logger":"task.stdout"}
{"timestamp":"2026-09-26T16:06:38.228552Z","level":"info","event":"Données récupérées pour Lqoliaa","logger":"task.stdout"}
{"timestamp":"2026-09-26T16:06:38.663414Z","level":"info","event":"Données récupérées pour El Kelaa des Srarhna","logger":"task.stdout"}
{"timestamp":"2026-09-26T16:06:39.095435Z","level":"info","event":"Données récupérées pour Moulay Abdallah","logger":"task.stdout"}
{"timestamp":"2026-09-26T16:06:39.517513Z","level":"info","event":"Données récupérées pour Tiflet","logger":"task.stdout"}
{"timestamp":"2026-09-26T16:06:39.926284Z","level":"info","event":"Données récupérées pour Oulad Teïma","logger":"task.stdout"}
{"timestamp":"2026-09-26T16:06:40.308331Z","level":"info","event":"Données récupérées pour Berkane","logger":"task.stdout"}
{"timestamp":"2026-09-26T16:06:40.715996Z","level":"info","event":"Données récupérées pour Ain El Aouda","logger":"task.stdout"}
{"timestamp":"2026-09-26T16:06:41.133182Z","level":"info","event":"Données récupérées pour Errachidia","logger":"task.stdout"}
{"timestamp":"2026-09-26T16:06:41.574246Z","level":"info","event":"Données récupérées pour Al Fqih Ben Çalah","logger":"task.stdout"}
{"timestamp":"2026-09-26T16:06:41.946583Z","level":"info","event":"Données récupérées pour Ad Darwa","logger":"task.stdout"}
{"timestamp":"2026-09-26T16:06:42.333989Z","level":"info","event":"Données récupérées pour Martil","logger":"task.stdout"}
{"timestamp":"2026-09-26T16:06:42.718164Z","level":"info","event":"Données récupérées pour Sidi Slimane","logger":"task.stdout"}
{"timestamp":"2026-09-26T16:06:43.113675Z","level":"info","event":"Données récupérées pour Oued Zem","logger":"task.stdout"}
{"timestamp":"2026-09-26T16:06:43.489307Z","level":"info","event":"Données récupérées pour Sefrou","logger":"task.stdout"}
{"timestamp":"2026-09-26T16:06:43.869357Z","level":"info","event":"Données récupérées pour Taroudannt","logger":"task.stdout"}
{"timestamp":"2026-09-26T16:06:44.284119Z","level":"info","event":"Données récupérées pour Essaouira","logger":"task.stdout"}
{"timestamp":"2026-09-26T16:06:44.839563Z","level":"info","event":"Données récupérées pour Azrou","logger":"task.stdout"}
{"timestamp":"2026-09-26T16:06:45.236045Z","level":"info","event":"Données récupérées pour Guercif","logger":"task.stdout"}
{"timestamp":"2026-09-26T16:06:45.641931Z","level":"info","event":"Données récupérées pour Warzat","logger":"task.stdout"}
{"timestamp":"2026-09-26T16:06:46.009481Z","level":"info","event":"Données récupérées pour Fnidq","logger":"task.stdout"}
{"timestamp":"2026-09-26T16:06:46.382181Z","level":"info","event":"Données récupérées pour Tan-Tan","logger":"task.stdout"}
{"timestamp":"2026-09-26T16:06:46.759765Z","level":"info","event":"Données récupérées pour Sidi Qacem","logger":"task.stdout"}
{"timestamp":"2026-09-26T16:06:47.117142Z","level":"info","event":"Données récupérées pour M’diq","logger":"task.stdout"}
{"timestamp":"2026-09-26T16:06:47.488034Z","level":"info","event":"Données récupérées pour Youssoufia","logger":"task.stdout"}
{"timestamp":"2026-09-26T16:06:47.869552Z","level":"info","event":"Données récupérées pour Midalt","logger":"task.stdout"}
{"timestamp":"2026-09-26T16:06:48.254382Z","level":"info","event":"Données récupérées pour Aïn Harrouda","logger":"task.stdout"}
{"timestamp":"2026-09-26T16:06:48.641901Z","level":"info","event":"Données récupérées pour Souq Sebt Oulad Nemma","logger":"task.stdout"}
{"timestamp":"2026-09-26T16:06:49.021956Z","level":"info","event":"Données récupérées pour Mehdya","logger":"task.stdout"}
{"timestamp":"2026-09-26T16:06:49.403646Z","level":"info","event":"Données récupérées pour Ouezzane","logger":"task.stdout"}
{"timestamp":"2026-09-26T16:06:49.801681Z","level":"info","event":"Données récupérées pour Semara","logger":"task.stdout"}
{"timestamp":"2026-09-26T16:06:50.171715Z","level":"info","event":"Données récupérées pour Ait Ourir","logger":"task.stdout"}
{"timestamp":"2026-09-26T16:06:50.564753Z","level":"info","event":"Données récupérées pour Oulad Tayeb","logger":"task.stdout"}
{"timestamp":"2026-09-26T16:06:50.932205Z","level":"info","event":"Données récupérées pour Tit Mellil","logger":"task.stdout"}
{"timestamp":"2026-09-26T16:06:51.321016Z","level":"info","event":"Données récupérées pour Sidi Bennour","logger":"task.stdout"}
{"timestamp":"2026-09-26T16:06:51.694433Z","level":"info","event":"Données récupérées pour Temsia","logger":"task.stdout"}
{"timestamp":"2026-09-26T16:06:52.079405Z","level":"info","event":"Données récupérées pour Biougra","logger":"task.stdout"}
{"timestamp":"2026-09-26T16:06:52.433725Z","level":"info","event":"Données récupérées pour Al Hoceïma","logger":"task.stdout"}
{"timestamp":"2026-09-26T16:06:52.835181Z","level":"info","event":"Données récupérées pour Qasbat Tadla","logger":"task.stdout"}
{"timestamp":"2026-09-26T16:06:53.211234Z","level":"info","event":"Données récupérées pour Aziylal","logger":"task.stdout"}
{"timestamp":"2026-09-26T16:06:53.595270Z","level":"info","event":"Données récupérées pour Boujad","logger":"task.stdout"}
{"timestamp":"2026-09-26T16:06:53.998760Z","level":"info","event":"Données récupérées pour Al Aaroui","logger":"task.stdout"}
{"timestamp":"2026-09-26T16:06:54.419820Z","level":"info","event":"Données récupérées pour Mrirt","logger":"task.stdout"}
{"timestamp":"2026-09-26T16:06:54.973173Z","level":"info","event":"Données récupérées pour Tineghir","logger":"task.stdout"}
{"timestamp":"2026-09-26T16:06:55.353274Z","level":"info","event":"Données récupérées pour Bouknadel","logger":"task.stdout"}
{"timestamp":"2026-09-26T16:06:55.762879Z","level":"info","event":"Données récupérées pour Cabo Bojador","logger":"task.stdout"}
{"timestamp":"2026-09-26T16:06:56.153865Z","level":"info","event":"Données récupérées pour Zagora","logger":"task.stdout"}
{"timestamp":"2026-09-26T16:06:56.513511Z","level":"info","event":"Données récupérées pour Azemmour","logger":"task.stdout"}
{"timestamp":"2026-09-26T16:06:56.887844Z","level":"info","event":"Données récupérées pour El Hajeb","logger":"task.stdout"}
{"timestamp":"2026-09-26T16:06:57.257417Z","level":"info","event":"Données récupérées pour Jerada","logger":"task.stdout"}
{"timestamp":"2026-09-26T16:06:57.648009Z","level":"info","event":"Données récupérées pour El Aïoun","logger":"task.stdout"}
{"timestamp":"2026-09-26T16:06:58.025411Z","level":"info","event":"Données récupérées pour Tameslouht","logger":"task.stdout"}
{"timestamp":"2026-09-26T16:06:58.407677Z","level":"info","event":"Données récupérées pour Sidi Yahia El Gharb","logger":"task.stdout"}
{"timestamp":"2026-09-26T16:06:58.789610Z","level":"info","event":"Données récupérées pour Chichaoua","logger":"task.stdout"}
{"timestamp":"2026-09-26T16:06:59.157950Z","level":"info","event":"Données récupérées pour Al ’Attawia","logger":"task.stdout"}
{"timestamp":"2026-09-26T16:06:59.516629Z","level":"info","event":"Données récupérées pour Tabount","logger":"task.stdout"}
{"timestamp":"2026-09-26T16:06:59.885739Z","level":"info","event":"Données récupérées pour Zaïo","logger":"task.stdout"}
{"timestamp":"2026-09-26T16:07:01.804710Z","level":"info","event":"Données récupérées pour Aguelmous","logger":"task.stdout"}
{"timestamp":"2026-09-26T16:07:02.219950Z","level":"info","event":"ERREUR HTTP Asilah : 503 Server Error: Service Unavailable for url: https://api.open-meteo.com/v1/forecast?latitude=35.4667&longitude=-6.0333&forecast_days=7&daily=temperature_2m_max%2Ctemperature_2m_min%2Cprecipitation_sum%2Cprecipitation_probability_max%2Cwind_speed_10m_max%2Cwind_gusts_10m_max%2Cweather_code&timezone=Africa%2FCasablanca","logger":"task.stdout"}
{"timestamp":"2026-09-26T16:07:02.594003Z","level":"info","event":"ERREUR HTTP Imzouren : 503 Server Error: Service Unavailable for url: https://api.open-meteo.com/v1/forecast?latitude=35.1464&longitude=-3.8506&forecast_days=7&daily=temperature_2m_max%2Ctemperature_2m_min%2Cprecipitation_sum%2Cprecipitation_probability_max%2Cwind_speed_10m_max%2Cwind_gusts_10m_max%2Cweather_code&timezone=Africa%2FCasablanca","logger":"task.stdout"}
{"timestamp":"2026-09-26T16:07:02.989124Z","level":"info","event":"ERREUR HTTP Mediouna : 503 Server Error: Service Unavailable for url: https://api.open-meteo.com/v1/forecast?latitude=33.4556&longitude=-7.5208&forecast_days=7&daily=temperature_2m_max%2Ctemperature_2m_min%2Cprecipitation_sum%2Cprecipitation_probability_max%2Cwind_speed_10m_max%2Cwind_gusts_10m_max%2Cweather_code&timezone=Africa%2FCasablanca","logger":"task.stdout"}
{"timestamp":"2026-09-26T16:07:03.365509Z","level":"info","event":"ERREUR HTTP Demnat : 503 Server Error: Service Unavailable for url: https://api.open-meteo.com/v1/forecast?latitude=31.7311&longitude=-7.0361&forecast_days=7&daily=temperature_2m_max%2Ctemperature_2m_min%2Cprecipitation_sum%2Cprecipitation_probability_max%2Cwind_speed_10m_max%2Cwind_gusts_10m_max%2Cweather_code&timezone=Africa%2FCasablanca","logger":"task.stdout"}
{"timestamp":"2026-09-26T16:07:03.787733Z","level":"info","event":"ERREUR HTTP Aïn Taoujdat : 503 Server Error: Service Unavailable for url: https://api.open-meteo.com/v1/forecast?latitude=33.9333&longitude=-5.2167&forecast_days=7&daily=temperature_2m_max%2Ctemperature_2m_min%2Cprecipitation_sum%2Cprecipitation_probability_max%2Cwind_speed_10m_max%2Cwind_gusts_10m_max%2Cweather_code&timezone=Africa%2FCasablanca","logger":"task.stdout"}
{"timestamp":"2026-09-26T16:07:04.185306Z","level":"info","event":"ERREUR HTTP Sidi Smai’il : 503 Server Error: Service Unavailable for url: https://api.open-meteo.com/v1/forecast?latitude=32.8167&longitude=-8.5&forecast_days=7&daily=temperature_2m_max%2Ctemperature_2m_min%2Cprecipitation_sum%2Cprecipitation_probability_max%2Cwind_speed_10m_max%2Cwind_gusts_10m_max%2Cweather_code&timezone=Africa%2FCasablanca","logger":"task.stdout"}
{"timestamp":"2026-09-26T16:07:04.656754Z","level":"info","event":"ERREUR HTTP Moulay Bousselham : 503 Server Error: Service Unavailable for url: https://api.open-meteo.com/v1/forecast?latitude=34.8786&longitude=-6.2933&forecast_days=7&daily=temperature_2m_max%2Ctemperature_2m_min%2Cprecipitation_sum%2Cprecipitation_probability_max%2Cwind_speed_10m_max%2Cwind_gusts_10m_max%2Cweather_code&timezone=Africa%2FCasablanca","logger":"task.stdout"}
{"timestamp":"2026-09-26T16:07:05.185728Z","level":"info","event":"ERREUR HTTP Mechraa Bel Ksiri : 503 Server Error: Service Unavailable for url: https://api.open-meteo.com/v1/forecast?latitude=34.56&longitude=-5.95&forecast_days=7&daily=temperature_2m_max%2Ctemperature_2m_min%2Cprecipitation_sum%2Cprecipitation_probability_max%2Cwind_speed_10m_max%2Cwind_gusts_10m_max%2Cweather_code&timezone=Africa%2FCasablanca","logger":"task.stdout"}
{"timestamp":"2026-09-26T16:07:05.576439Z","level":"info","event":"ERREUR HTTP Souk et Tnine Jorf el Mellah : 503 Server Error: Service Unavailable for url: https://api.open-meteo.com/v1/forecast?latitude=34.4945&longitude=-5.5047&forecast_days=7&daily=temperature_2m_max%2Ctemperature_2m_min%2Cprecipitation_sum%2Cprecipitation_probability_max%2Cwind_speed_10m_max%2Cwind_gusts_10m_max%2Cweather_code&timezone=Africa%2FCasablanca","logger":"task.stdout"}
{"timestamp":"2026-09-26T16:07:05.965499Z","level":"info","event":"ERREUR HTTP Zeghanghane : 503 Server Error: Service Unavailable for url: https://api.open-meteo.com/v1/forecast?latitude=35.1575&longitude=-3.0017&forecast_days=7&daily=temperature_2m_max%2Ctemperature_2m_min%2Cprecipitation_sum%2Cprecipitation_probability_max%2Cwind_speed_10m_max%2Cwind_gusts_10m_max%2Cweather_code&timezone=Africa%2FCasablanca","logger":"task.stdout"}
{"timestamp":"2026-09-26T16:07:06.367556Z","level":"info","event":"ERREUR HTTP Oulad Barhil : 503 Server Error: Service Unavailable for url: https://api.open-meteo.com/v1/forecast?latitude=30.6408&longitude=-8.475&forecast_days=7&daily=temperature_2m_max%2Ctemperature_2m_min%2Cprecipitation_sum%2Cprecipitation_probability_max%2Cwind_speed_10m_max%2Cwind_gusts_10m_max%2Cweather_code&timezone=Africa%2FCasablanca","logger":"task.stdout"}
{"timestamp":"2026-09-26T16:07:06.785609Z","level":"info","event":"ERREUR HTTP Bir Jdid : 503 Server Error: Service Unavailable for url: https://api.open-meteo.com/v1/forecast?latitude=33.3737&longitude=-8.0002&forecast_days=7&daily=temperature_2m_max%2Ctemperature_2m_min%2Cprecipitation_sum%2Cprecipitation_probability_max%2Cwind_speed_10m_max%2Cwind_gusts_10m_max%2Cweather_code&timezone=Africa%2FCasablanca","logger":"task.stdout"}
{"timestamp":"2026-09-26T16:07:07.130767Z","level":"info","event":"ERREUR HTTP Bou Arfa : 503 Server Error: Service Unavailable for url: https://api.open-meteo.com/v1/forecast?latitude=32.531&longitude=-1.9631&forecast_days=7&daily=temperature_2m_max%2Ctemperature_2m_min%2Cprecipitation_sum%2Cprecipitation_probability_max%2Cwind_speed_10m_max%2Cwind_gusts_10m_max%2Cweather_code&timezone=Africa%2FCasablanca","logger":"task.stdout"}
{"timestamp":"2026-09-26T16:07:07.513333Z","level":"info","event":"ERREUR HTTP Tahannawt : 503 Server Error: Service Unavailable for url: https://api.open-meteo.com/v1/forecast?latitude=31.3514&longitude=-7.9508&forecast_days=7&daily=temperature_2m_max%2Ctemperature_2m_min%2Cprecipitation_sum%2Cprecipitation_probability_max%2Cwind_speed_10m_max%2Cwind_gusts_10m_max%2Cweather_code&timezone=Africa%2FCasablanca","logger":"task.stdout"}
{"timestamp":"2026-09-26T16:07:07.882077Z","level":"info","event":"ERREUR HTTP Arfoud : 503 Server Error: Service Unavailable for url: https://api.open-meteo.com/v1/forecast?latitude=31.4361&longitude=-4.2328&forecast_days=7&daily=temperature_2m_max%2Ctemperature_2m_min%2Cprecipitation_sum%2Cprecipitation_probability_max%2Cwind_speed_10m_max%2Cwind_gusts_10m_max%2Cweather_code&timezone=Africa%2FCasablanca","logger":"task.stdout"}
{"timestamp":"2026-09-26T16:07:08.269117Z","level":"info","event":"ERREUR HTTP Tahla : 503 Server Error: Service Unavailable for url: https://api.open-meteo.com/v1/forecast?latitude=34.05&longitude=-4.42&forecast_days=7&daily=temperature_2m_max%2Ctemperature_2m_min%2Cprecipitation_sum%2Cprecipitation_probability_max%2Cwind_speed_10m_max%2Cwind_gusts_10m_max%2Cweather_code&timezone=Africa%2FCasablanca","logger":"task.stdout"}
{"timestamp":"2026-09-26T16:07:08.646932Z","level":"info","event":"ERREUR HTTP Missour : 503 Server Error: Service Unavailable for url: https://api.open-meteo.com/v1/forecast?latitude=33.05&longitude=-3.9908&forecast_days=7&daily=temperature_2m_max%2Ctemperature_2m_min%2Cprecipitation_sum%2Cprecipitation_probability_max%2Cwind_speed_10m_max%2Cwind_gusts_10m_max%2Cweather_code&timezone=Africa%2FCasablanca","logger":"task.stdout"}
{"timestamp":"2026-09-26T16:07:09.032297Z","level":"info","event":"ERREUR HTTP Sidi Lmokhtar : 503 Server Error: Service Unavailable for url: https://api.open-meteo.com/v1/forecast?latitude=31.57&longitude=-9.01&forecast_days=7&daily=temperature_2m_max%2Ctemperature_2m_min%2Cprecipitation_sum%2Cprecipitation_probability_max%2Cwind_speed_10m_max%2Cwind_gusts_10m_max%2Cweather_code&timezone=Africa%2FCasablanca","logger":"task.stdout"}
{"timestamp":"2026-09-26T16:07:09.439564Z","level":"info","event":"ERREUR HTTP Douar Toulal : 503 Server Error: Service Unavailable for url: https://api.open-meteo.com/v1/forecast?latitude=33.8951&longitude=-5.6021&forecast_days=7&daily=temperature_2m_max%2Ctemperature_2m_min%2Cprecipitation_sum%2Cprecipitation_probability_max%2Cwind_speed_10m_max%2Cwind_gusts_10m_max%2Cweather_code&timezone=Africa%2FCasablanca","logger":"task.stdout"}
{"timestamp":"2026-09-26T16:07:09.826493Z","level":"info","event":"ERREUR HTTP Oulad Yaïch : 503 Server Error: Service Unavailable for url: https://api.open-meteo.com/v1/forecast?latitude=32.4167&longitude=-6.3333&forecast_days=7&daily=temperature_2m_max%2Ctemperature_2m_min%2Cprecipitation_sum%2Cprecipitation_probability_max%2Cwind_speed_10m_max%2Cwind_gusts_10m_max%2Cweather_code&timezone=Africa%2FCasablanca","logger":"task.stdout"}
{"timestamp":"2026-09-26T16:07:12.661268Z","level":"info","event":"Données récupérées pour Zawyat ech Cheïkh","logger":"task.stdout"}
{"timestamp":"2026-09-26T16:07:15.263399Z","level":"info","event":"Données récupérées pour Imi-n-Tanout","logger":"task.stdout"}
{"timestamp":"2026-09-26T16:07:16.901641Z","level":"info","event":"Données récupérées pour Sebt Gzoula","logger":"task.stdout"}
{"timestamp":"2026-09-26T16:07:17.907781Z","level":"info","event":"Données récupérées pour Tifariti","logger":"task.stdout"}
{"timestamp":"2026-09-26T16:07:17.920526Z","level":"error","event":"Task failed with exception","logger":"task","filename":"task_runner.py","lineno":994,"error_detail":[{"exc_type":"PermissionError","exc_value":"[Errno 13] Permission denied: '/opt/airflow/project/data/bronze/meteo_api.json'","exc_notes":[],"syntax_error":null,"is_cause":false,"frames":[{"filename":"/home/airflow/.local/lib/python3.12/site-packages/airflow/sdk/execution_time/task_runner.py","lineno":920,"name":"run"},{"filename":"/home/airflow/.local/lib/python3.12/site-packages/airflow/sdk/execution_time/task_runner.py","lineno":1307,"name":"_execute_task"},{"filename":"/home/airflow/.local/lib/python3.12/site-packages/airflow/sdk/bases/operator.py","lineno":416,"name":"wrapper"},{"filename":"/home/airflow/.local/lib/python3.12/site-packages/airflow/providers/standard/operators/python.py","lineno":216,"name":"execute"},{"filename":"/home/airflow/.local/lib/python3.12/site-packages/airflow/providers/standard/operators/python.py","lineno":239,"name":"execute_callable"},{"filename":"/home/airflow/.local/lib/python3.12/site-packages/airflow/sdk/execution_time/callback_runner.py","lineno":82,"name":"run"},{"filename":"/opt/airflow/project/src/bronze/extract_bronze.py","lineno":104,"name":"extract"},{"filename":"/home/airflow/.local/lib/python3.12/site-packages/pandas/core/generic.py","lineno":2629,"name":"to_json"},{"filename":"/home/airflow/.local/lib/python3.12/site-packages/pandas/io/json/_json.py","lineno":212,"name":"to_json"},{"filename":"/home/airflow/.local/lib/python3.12/site-packages/pandas/io/common.py","lineno":863,"name":"get_handle"}],"is_group":false,"exceptions":[]}]}
